Archive member included to satisfy reference by file (symbol)

./mbed/TARGET_NUCLEO_L152RE/TOOLCHAIN_GCC_ARM/libmbed.a(pwmout_api.o)
                              main.o (pwmout_period_us)
./mbed/TARGET_NUCLEO_L152RE/TOOLCHAIN_GCC_ARM/libmbed.a(serial_api.o)
                              mbed/TARGET_NUCLEO_L152RE/TOOLCHAIN_GCC_ARM/retarget.o (serial_init)
./mbed/TARGET_NUCLEO_L152RE/TOOLCHAIN_GCC_ARM/libmbed.a(FilePath.o)
                              mbed/TARGET_NUCLEO_L152RE/TOOLCHAIN_GCC_ARM/retarget.o (mbed::FilePath::FilePath(char const*))
./mbed/TARGET_NUCLEO_L152RE/TOOLCHAIN_GCC_ARM/libmbed.a(FileSystemLike.o)
                              mbed/TARGET_NUCLEO_L152RE/TOOLCHAIN_GCC_ARM/retarget.o (mbed::FileSystemLike::opendir())
./mbed/TARGET_NUCLEO_L152RE/TOOLCHAIN_GCC_ARM/libmbed.a(Serial.o)
                              main.o (mbed::Serial::Serial(PinName, PinName, char const*))
./mbed/TARGET_NUCLEO_L152RE/TOOLCHAIN_GCC_ARM/libmbed.a(Stream.o)
                              ./mbed/TARGET_NUCLEO_L152RE/TOOLCHAIN_GCC_ARM/libmbed.a(Serial.o) (mbed::Stream::close())
./mbed/TARGET_NUCLEO_L152RE/TOOLCHAIN_GCC_ARM/libmbed.a(SerialBase.o)
                              ./mbed/TARGET_NUCLEO_L152RE/TOOLCHAIN_GCC_ARM/libmbed.a(Serial.o) (mbed::SerialBase::SerialBase(PinName, PinName))
./mbed/TARGET_NUCLEO_L152RE/TOOLCHAIN_GCC_ARM/libmbed.a(assert.o)
                              ./mbed/TARGET_NUCLEO_L152RE/TOOLCHAIN_GCC_ARM/libmbed.a(serial_api.o) (mbed_assert_internal)
./mbed/TARGET_NUCLEO_L152RE/TOOLCHAIN_GCC_ARM/libmbed.a(error.o)
                              mbed/TARGET_NUCLEO_L152RE/TOOLCHAIN_GCC_ARM/retarget.o (error)
./mbed/TARGET_NUCLEO_L152RE/TOOLCHAIN_GCC_ARM/libmbed.a(pinmap_common.o)
                              ./mbed/TARGET_NUCLEO_L152RE/TOOLCHAIN_GCC_ARM/libmbed.a(pwmout_api.o) (pinmap_pinout)
./mbed/TARGET_NUCLEO_L152RE/TOOLCHAIN_GCC_ARM/libmbed.a(us_ticker_api.o)
                              mbed/TARGET_NUCLEO_L152RE/TOOLCHAIN_GCC_ARM/hal_tick.o (us_ticker_irq_handler)
./mbed/TARGET_NUCLEO_L152RE/TOOLCHAIN_GCC_ARM/libmbed.a(wait_api.o)
                              ./mbed/TARGET_NUCLEO_L152RE/TOOLCHAIN_GCC_ARM/libmbed.a(SerialBase.o) (wait_us)
./mbed/TARGET_NUCLEO_L152RE/TOOLCHAIN_GCC_ARM/libmbed.a(PeripheralPins.o)
                              ./mbed/TARGET_NUCLEO_L152RE/TOOLCHAIN_GCC_ARM/libmbed.a(serial_api.o) (PinMap_UART_RX)
./mbed/TARGET_NUCLEO_L152RE/TOOLCHAIN_GCC_ARM/libmbed.a(pinmap.o)
                              ./mbed/TARGET_NUCLEO_L152RE/TOOLCHAIN_GCC_ARM/libmbed.a(pwmout_api.o) (pin_function)
./mbed/TARGET_NUCLEO_L152RE/TOOLCHAIN_GCC_ARM/libmbed.a(us_ticker.o)
                              ./mbed/TARGET_NUCLEO_L152RE/TOOLCHAIN_GCC_ARM/libmbed.a(us_ticker_api.o) (us_ticker_init)
./mbed/TARGET_NUCLEO_L152RE/TOOLCHAIN_GCC_ARM/libmbed.a(FileBase.o)
                              ./mbed/TARGET_NUCLEO_L152RE/TOOLCHAIN_GCC_ARM/libmbed.a(FileSystemLike.o) (mbed::FileBase::~FileBase())
./mbed/TARGET_NUCLEO_L152RE/TOOLCHAIN_GCC_ARM/libmbed.a(FileLike.o)
                              ./mbed/TARGET_NUCLEO_L152RE/TOOLCHAIN_GCC_ARM/libmbed.a(Stream.o) (mbed::FileLike::~FileLike())
./mbed/TARGET_NUCLEO_L152RE/TOOLCHAIN_GCC_ARM/libmbed.a(FunctionPointer.o)
                              ./mbed/TARGET_NUCLEO_L152RE/TOOLCHAIN_GCC_ARM/libmbed.a(SerialBase.o) (mbed::FunctionPointer::FunctionPointer(void (*)()))
/usr/lib/gcc/arm-none-eabi/4.8/../../../arm-none-eabi/lib/armv7-m/libstdc++_nano.a(atexit_arm.o)
                              main.o (__aeabi_atexit)
/usr/lib/gcc/arm-none-eabi/4.8/../../../arm-none-eabi/lib/armv7-m/libstdc++_nano.a(del_op.o)
                              main.o (operator delete(void*))
/usr/lib/gcc/arm-none-eabi/4.8/../../../arm-none-eabi/lib/armv7-m/libstdc++_nano.a(new_op.o)
                              ./mbed/TARGET_NUCLEO_L152RE/TOOLCHAIN_GCC_ARM/libmbed.a(FileSystemLike.o) (operator new(unsigned int))
/usr/lib/gcc/arm-none-eabi/4.8/../../../arm-none-eabi/lib/armv7-m/libstdc++_nano.a(new_handler.o)
                              /usr/lib/gcc/arm-none-eabi/4.8/../../../arm-none-eabi/lib/armv7-m/libstdc++_nano.a(new_op.o) (__new_handler)
/usr/lib/gcc/arm-none-eabi/4.8/../../../arm-none-eabi/lib/armv7-m/libc_nano.a(lib_a-abort.o)
                              /usr/lib/gcc/arm-none-eabi/4.8/../../../arm-none-eabi/lib/armv7-m/libstdc++_nano.a(new_op.o) (abort)
/usr/lib/gcc/arm-none-eabi/4.8/../../../arm-none-eabi/lib/armv7-m/libc_nano.a(lib_a-atexit.o)
                              /usr/lib/gcc/arm-none-eabi/4.8/../../../arm-none-eabi/lib/armv7-m/crt0.o (atexit)
/usr/lib/gcc/arm-none-eabi/4.8/../../../arm-none-eabi/lib/armv7-m/libc_nano.a(lib_a-cxa_atexit.o)
                              /usr/lib/gcc/arm-none-eabi/4.8/../../../arm-none-eabi/lib/armv7-m/libstdc++_nano.a(atexit_arm.o) (__cxa_atexit)
/usr/lib/gcc/arm-none-eabi/4.8/../../../arm-none-eabi/lib/armv7-m/libc_nano.a(lib_a-errno.o)
[...]
Memory Configuration

Name             Origin             Length             Attributes
FLASH            0x0000000008000000 0x0000000000080000 xr
RAM              0x000000002000013c 0x0000000000013ec4 xrw
*default*        0x0000000000000000 0xffffffffffffffff

Linker script and memory map

LOAD /usr/lib/gcc/arm-none-eabi/4.8/armv7-m/crti.o
LOAD /usr/lib/gcc/arm-none-eabi/4.8/armv7-m/crtbegin.o
LOAD /usr/lib/gcc/arm-none-eabi/4.8/../../../arm-none-eabi/lib/armv7-m/crt0.o
LOAD main.o
LOAD mbed/TARGET_NUCLEO_L152RE/TOOLCHAIN_GCC_ARM/stm32l1xx_hal_pwr_ex.o
LOAD mbed/TARGET_NUCLEO_L152RE/TOOLCHAIN_GCC_ARM/stm32l1xx_hal_i2c.o
LOAD mbed/TARGET_NUCLEO_L152RE/TOOLCHAIN_GCC_ARM/stm32l1xx_hal_uart.o
LOAD mbed/TARGET_NUCLEO_L152RE/TOOLCHAIN_GCC_ARM/retarget.o
LOAD mbed/TARGET_NUCLEO_L152RE/TOOLCHAIN_GCC_ARM/stm32l1xx_hal_dac_ex.o
LOAD mbed/TARGET_NUCLEO_L152RE/TOOLCHAIN_GCC_ARM/stm32l1xx_hal_usart.o
LOAD mbed/TARGET_NUCLEO_L152RE/TOOLCHAIN_GCC_ARM/stm32l1xx_hal_flash_ex.o
LOAD mbed/TARGET_NUCLEO_L152RE/TOOLCHAIN_GCC_ARM/stm32l1xx_hal_pwr.o
LOAD mbed/TARGET_NUCLEO_L152RE/TOOLCHAIN_GCC_ARM/stm32l1xx_hal_flash_ramfunc.o
LOAD mbed/TARGET_NUCLEO_L152RE/TOOLCHAIN_GCC_ARM/stm32l1xx_hal_spi_ex.o
LOAD mbed/TARGET_NUCLEO_L152RE/TOOLCHAIN_GCC_ARM/stm32l1xx_hal_flash.o
LOAD mbed/TARGET_NUCLEO_L152RE/TOOLCHAIN_GCC_ARM/stm32l1xx_hal_irda.o
LOAD mbed/TARGET_NUCLEO_L152RE/TOOLCHAIN_GCC_ARM/stm32l1xx_hal_gpio.o
LOAD mbed/TARGET_NUCLEO_L152RE/TOOLCHAIN_GCC_ARM/board.o
LOAD mbed/TARGET_NUCLEO_L152RE/TOOLCHAIN_GCC_ARM/stm32l1xx_ll_fsmc.o
LOAD mbed/TARGET_NUCLEO_L152RE/TOOLCHAIN_GCC_ARM/stm32l1xx_hal_pcd_ex.o
LOAD mbed/TARGET_NUCLEO_L152RE/TOOLCHAIN_GCC_ARM/stm32l1xx_hal_cryp_ex.o
LOAD mbed/TARGET_NUCLEO_L152RE/TOOLCHAIN_GCC_ARM/cmsis_nvic.o
LOAD mbed/TARGET_NUCLEO_L152RE/TOOLCHAIN_GCC_ARM/stm32l1xx_hal_spi.o
LOAD mbed/TARGET_NUCLEO_L152RE/TOOLCHAIN_GCC_ARM/stm32l1xx_hal_rtc_ex.o
LOAD mbed/TARGET_NUCLEO_L152RE/TOOLCHAIN_GCC_ARM/stm32l1xx_hal_cryp.o
LOAD mbed/TARGET_NUCLEO_L152RE/TOOLCHAIN_GCC_ARM/stm32l1xx_hal.o
LOAD mbed/TARGET_NUCLEO_L152RE/TOOLCHAIN_GCC_ARM/stm32l1xx_hal_adc_ex.o
LOAD mbed/TARGET_NUCLEO_L152RE/TOOLCHAIN_GCC_ARM/stm32l1xx_hal_opamp_ex.o
LOAD mbed/TARGET_NUCLEO_L152RE/TOOLCHAIN_GCC_ARM/stm32l1xx_hal_sram.o
LOAD mbed/TARGET_NUCLEO_L152RE/TOOLCHAIN_GCC_ARM/stm32l1xx_hal_adc.o
LOAD mbed/TARGET_NUCLEO_L152RE/TOOLCHAIN_GCC_ARM/stm32l1xx_hal_opamp.o
LOAD mbed/TARGET_NUCLEO_L152RE/TOOLCHAIN_GCC_ARM/stm32l1xx_hal_tim.o
LOAD mbed/TARGET_NUCLEO_L152RE/TOOLCHAIN_GCC_ARM/mbed_overrides.o
LOAD mbed/TARGET_NUCLEO_L152RE/TOOLCHAIN_GCC_ARM/stm32l1xx_hal_iwdg.o
LOAD mbed/TARGET_NUCLEO_L152RE/TOOLCHAIN_GCC_ARM/stm32l1xx_hal_lcd.o
LOAD mbed/TARGET_NUCLEO_L152RE/TOOLCHAIN_GCC_ARM/stm32l1xx_hal_smartcard.o
LOAD mbed/TARGET_NUCLEO_L152RE/TOOLCHAIN_GCC_ARM/stm32l1xx_hal_wwdg.o
LOAD mbed/TARGET_NUCLEO_L152RE/TOOLCHAIN_GCC_ARM/stm32l1xx_hal_i2s.o
LOAD mbed/TARGET_NUCLEO_L152RE/TOOLCHAIN_GCC_ARM/stm32l1xx_ll_sdmmc.o
LOAD mbed/TARGET_NUCLEO_L152RE/TOOLCHAIN_GCC_ARM/stm32l1xx_hal_rtc.o
LOAD mbed/TARGET_NUCLEO_L152RE/TOOLCHAIN_GCC_ARM/stm32l1xx_hal_pcd.o
LOAD mbed/TARGET_NUCLEO_L152RE/TOOLCHAIN_GCC_ARM/stm32l1xx_hal_tim_ex.o
LOAD mbed/TARGET_NUCLEO_L152RE/TOOLCHAIN_GCC_ARM/stm32l1xx_hal_sd.o
LOAD mbed/TARGET_NUCLEO_L152RE/TOOLCHAIN_GCC_ARM/stm32l1xx_hal_nor.o
LOAD mbed/TARGET_NUCLEO_L152RE/TOOLCHAIN_GCC_ARM/stm32l1xx_hal_dac.o
LOAD mbed/TARGET_NUCLEO_L152RE/TOOLCHAIN_GCC_ARM/stm32l1xx_hal_dma.o
LOAD mbed/TARGET_NUCLEO_L152RE/TOOLCHAIN_GCC_ARM/startup_stm32l152xe.o
LOAD mbed/TARGET_NUCLEO_L152RE/TOOLCHAIN_GCC_ARM/stm32l1xx_hal_rcc.o
LOAD mbed/TARGET_NUCLEO_L152RE/TOOLCHAIN_GCC_ARM/stm32l1xx_hal_cortex.o
LOAD mbed/TARGET_NUCLEO_L152RE/TOOLCHAIN_GCC_ARM/hal_tick.o
LOAD mbed/TARGET_NUCLEO_L152RE/TOOLCHAIN_GCC_ARM/system_stm32l1xx.o
LOAD mbed/TARGET_NUCLEO_L152RE/TOOLCHAIN_GCC_ARM/stm32l1xx_hal_crc.o
LOAD mbed/TARGET_NUCLEO_L152RE/TOOLCHAIN_GCC_ARM/stm32l1xx_hal_comp.o
LOAD mbed/TARGET_NUCLEO_L152RE/TOOLCHAIN_GCC_ARM/stm32l1xx_hal_rcc_ex.o
LOAD ./mbed/TARGET_NUCLEO_L152RE/TOOLCHAIN_GCC_ARM/libmbed.a
LOAD /usr/lib/gcc/arm-none-eabi/4.8/../../../arm-none-eabi/lib/armv7-m/libstdc++_nano.a
LOAD /usr/lib/gcc/arm-none-eabi/4.8/../../../arm-none-eabi/lib/armv7-m/libsupc++_nano.a
LOAD /usr/lib/gcc/arm-none-eabi/4.8/../../../arm-none-eabi/lib/armv7-m/libm.a
LOAD /usr/lib/gcc/arm-none-eabi/4.8/../../../arm-none-eabi/lib/armv7-m/libc_nano.a
LOAD /usr/lib/gcc/arm-none-eabi/4.8/armv7-m/libgcc.a
LOAD /usr/lib/gcc/arm-none-eabi/4.8/../../../arm-none-eabi/lib/armv7-m/libnosys.a
LOAD ./mbed/TARGET_NUCLEO_L152RE/TOOLCHAIN_GCC_ARM/libmbed.a
LOAD /usr/lib/gcc/arm-none-eabi/4.8/../../../arm-none-eabi/lib/armv7-m/libstdc++_nano.a
LOAD /usr/lib/gcc/arm-none-eabi/4.8/../../../arm-none-eabi/lib/armv7-m/libsupc++_nano.a
LOAD /usr/lib/gcc/arm-none-eabi/4.8/../../../arm-none-eabi/lib/armv7-m/libm.a
LOAD /usr/lib/gcc/arm-none-eabi/4.8/../../../arm-none-eabi/lib/armv7-m/libc_nano.a
LOAD /usr/lib/gcc/arm-none-eabi/4.8/armv7-m/libgcc.a
LOAD /usr/lib/gcc/arm-none-eabi/4.8/../../../arm-none-eabi/lib/armv7-m/libnosys.a
START GROUP
LOAD /usr/lib/gcc/arm-none-eabi/4.8/armv7-m/libgcc.a
LOAD /usr/lib/gcc/arm-none-eabi/4.8/../../../arm-none-eabi/lib/armv7-m/libc_nano.a
END GROUP
START GROUP
LOAD /usr/lib/gcc/arm-none-eabi/4.8/armv7-m/libgcc.a
LOAD /usr/lib/gcc/arm-none-eabi/4.8/../../../arm-none-eabi/lib/armv7-m/libc_nano.a
END GROUP
LOAD /usr/lib/gcc/arm-none-eabi/4.8/armv7-m/crtend.o
LOAD /usr/lib/gcc/arm-none-eabi/4.8/armv7-m/crtn.o

.text           0x0000000008000000     0x9678
 *(.isr_vector)
 .isr_vector    0x0000000008000000      0x13c mbed/TARGET_NUCLEO_L152RE/TOOLCHAIN_GCC_ARM/startup_stm32l152xe.o
                0x0000000008000000                g_pfnVectors
 *(.text*)
 .text          0x000000000800013c       0xac /usr/lib/gcc/arm-none-eabi/4.8/armv7-m/crtbegin.o
 .text._ZN4mbed10SerialBaseD2Ev
                0x00000000080001e8        0xc main.o
                0x00000000080001e8                mbed::SerialBase::~SerialBase()
                0x00000000080001e8                mbed::SerialBase::~SerialBase()
 .text._ZN4mbed10SerialBaseD0Ev
                0x00000000080001f4       0x14 main.o
                0x00000000080001f4                mbed::SerialBase::~SerialBase()
 .text._ZN4mbed6SerialD2Ev
                0x0000000008000208       0x28 main.o
                0x0000000008000208                mbed::Serial::~Serial()
                0x0000000008000208                mbed::Serial::~Serial()
 .text._ZN4mbed6SerialD1Ev
                0x0000000008000230       0x10 main.o
                0x0000000008000230                non-virtual thunk to mbed::Serial::~Serial()
                0x0000000008000238                non-virtual thunk to mbed::Serial::~Serial()
 .text._ZN4mbed6SerialD0Ev
                0x0000000008000240       0x1e main.o
                0x0000000008000240                mbed::Serial::~Serial()
                0x0000000008000252                non-virtual thunk to mbed::Serial::~Serial()
                0x0000000008000258                non-virtual thunk to mbed::Serial::~Serial()
 *fill*         0x000000000800025e        0x2 
 .text.startup.main
                0x0000000008000260       0xe8 main.o
                0x0000000008000260                main
 .text.startup._GLOBAL__sub_I_serial
                0x0000000008000348       0x74 main.o
 .text.UART_SetConfig
                0x00000000080003bc      0x1a0 mbed/TARGET_NUCLEO_L152RE/TOOLCHAIN_GCC_ARM/stm32l1xx_hal_uart.o
 .text.HAL_UART_MspInit
                0x000000000800055c        0x4 mbed/TARGET_NUCLEO_L152RE/TOOLCHAIN_GCC_ARM/stm32l1xx_hal_uart.o
                0x000000000800055c                HAL_UART_MspInit
 .text.HAL_UART_Init
                0x0000000008000560       0x58 mbed/TARGET_NUCLEO_L152RE/TOOLCHAIN_GCC_ARM/stm32l1xx_hal_uart.o
                0x0000000008000560                HAL_UART_Init
 .text._ZN4mbed10FileHandle4flenEv
                0x00000000080005b8       0x34 mbed/TARGET_NUCLEO_L152RE/TOOLCHAIN_GCC_ARM/retarget.o
                0x00000000080005b8                mbed::FileHandle::flen()
 .text._ZN4mbed10FileHandleD2Ev
                0x00000000080005ec       0x2c mbed/TARGET_NUCLEO_L152RE/TOOLCHAIN_GCC_ARM/retarget.o
                0x00000000080005ec                mbed::FileHandle::~FileHandle()
                0x00000000080005ec                mbed::FileHandle::~FileHandle()
 .text._ZN4mbed10FileHandleD0Ev
                0x0000000008000618       0x34 mbed/TARGET_NUCLEO_L152RE/TOOLCHAIN_GCC_ARM/retarget.o
                0x0000000008000618                mbed::FileHandle::~FileHandle()
 .text._ZL11init_serialv.part.0
                0x000000000800064c       0x10 mbed/TARGET_NUCLEO_L152RE/TOOLCHAIN_GCC_ARM/retarget.o
 .text._open    0x000000000800065c       0xf8 mbed/TARGET_NUCLEO_L152RE/TOOLCHAIN_GCC_ARM/retarget.o
                0x000000000800065c                _open
 .text._close   0x0000000008000754       0x2c mbed/TARGET_NUCLEO_L152RE/TOOLCHAIN_GCC_ARM/retarget.o
                0x0000000008000754                _close
 .text._write   0x0000000008000780       0x50 mbed/TARGET_NUCLEO_L152RE/TOOLCHAIN_GCC_ARM/retarget.o
                0x0000000008000780                _write
 .text._read    0x00000000080007d0       0x4c mbed/TARGET_NUCLEO_L152RE/TOOLCHAIN_GCC_ARM/retarget.o
                0x00000000080007d0                _read
 .text._isatty  0x000000000800081c       0x28 mbed/TARGET_NUCLEO_L152RE/TOOLCHAIN_GCC_ARM/retarget.o
                0x000000000800081c                _isatty
 .text._lseek   0x0000000008000844       0x28 mbed/TARGET_NUCLEO_L152RE/TOOLCHAIN_GCC_ARM/retarget.o
                0x0000000008000844                _lseek
 .text._fstat   0x000000000800086c       0x20 mbed/TARGET_NUCLEO_L152RE/TOOLCHAIN_GCC_ARM/retarget.o
                0x000000000800086c                _fstat
 .text.__cxa_pure_virtual
                0x000000000800088c        0x8 mbed/TARGET_NUCLEO_L152RE/TOOLCHAIN_GCC_ARM/retarget.o
                0x000000000800088c                __cxa_pure_virtual
 .text.mbed_main
                0x0000000008000894        0x4 mbed/TARGET_NUCLEO_L152RE/TOOLCHAIN_GCC_ARM/retarget.o
                0x0000000008000894                mbed_main
 .text.__wrap_main
                0x0000000008000898       0x14 mbed/TARGET_NUCLEO_L152RE/TOOLCHAIN_GCC_ARM/retarget.o
                0x0000000008000898                __wrap_main
 .text._sbrk    0x00000000080008ac       0x28 mbed/TARGET_NUCLEO_L152RE/TOOLCHAIN_GCC_ARM/retarget.o
                0x00000000080008ac                _sbrk
 .text._exit    0x00000000080008d4       0x24 mbed/TARGET_NUCLEO_L152RE/TOOLCHAIN_GCC_ARM/retarget.o
                0x00000000080008d4                _exit
 .text._ZN4mbed26mbed_set_unbuffered_streamEP7__sFILE
                0x00000000080008f8        0x8 mbed/TARGET_NUCLEO_L152RE/TOOLCHAIN_GCC_ARM/retarget.o
                0x00000000080008f8                mbed::mbed_set_unbuffered_stream(__sFILE*)
 .text._ZN4mbed9mbed_getcEP7__sFILE
                0x0000000008000900        0x4 mbed/TARGET_NUCLEO_L152RE/TOOLCHAIN_GCC_ARM/retarget.o
                0x0000000008000900                mbed::mbed_getc(__sFILE*)
 .text.HAL_GPIO_Init
                0x0000000008000904      0x24c mbed/TARGET_NUCLEO_L152RE/TOOLCHAIN_GCC_ARM/stm32l1xx_hal_gpio.o
                0x0000000008000904                HAL_GPIO_Init
 .text.mbed_die
                0x0000000008000b50       0x14 mbed/TARGET_NUCLEO_L152RE/TOOLCHAIN_GCC_ARM/board.o
                0x0000000008000b50                mbed_die
 .text.NVIC_SetVector
                0x0000000008000b64       0x48 mbed/TARGET_NUCLEO_L152RE/TOOLCHAIN_GCC_ARM/cmsis_nvic.o
                0x0000000008000b64                NVIC_SetVector
 .text.HAL_MspInit
                0x0000000008000bac        0x4 mbed/TARGET_NUCLEO_L152RE/TOOLCHAIN_GCC_ARM/stm32l1xx_hal.o
                0x0000000008000bac                HAL_MspInit
 .text.HAL_Init
                0x0000000008000bb0       0x2c mbed/TARGET_NUCLEO_L152RE/TOOLCHAIN_GCC_ARM/stm32l1xx_hal.o
                0x0000000008000bb0                HAL_Init
 .text.HAL_IncTick
                0x0000000008000bdc       0x10 mbed/TARGET_NUCLEO_L152RE/TOOLCHAIN_GCC_ARM/stm32l1xx_hal.o
                0x0000000008000bdc                HAL_IncTick
 .text.HAL_GetTick
                0x0000000008000bec        0xc mbed/TARGET_NUCLEO_L152RE/TOOLCHAIN_GCC_ARM/stm32l1xx_hal.o
                0x0000000008000bec                HAL_GetTick
 .text.TIM_Base_SetConfig
                0x0000000008000bf8       0x64 mbed/TARGET_NUCLEO_L152RE/TOOLCHAIN_GCC_ARM/stm32l1xx_hal_tim.o
 .text.HAL_TIM_OC_MspInit
                0x0000000008000c5c        0x4 mbed/TARGET_NUCLEO_L152RE/TOOLCHAIN_GCC_ARM/stm32l1xx_hal_tim.o
                0x0000000008000c5c                HAL_TIM_OC_MspInit
 .text.HAL_TIM_OC_Init
                0x0000000008000c60       0x30 mbed/TARGET_NUCLEO_L152RE/TOOLCHAIN_GCC_ARM/stm32l1xx_hal_tim.o
                0x0000000008000c60                HAL_TIM_OC_Init
 .text.HAL_TIM_OC_Start
                0x0000000008000c90       0x2c mbed/TARGET_NUCLEO_L152RE/TOOLCHAIN_GCC_ARM/stm32l1xx_hal_tim.o
                0x0000000008000c90                HAL_TIM_OC_Start
 .text.HAL_TIM_PWM_MspInit
                0x0000000008000cbc        0x4 mbed/TARGET_NUCLEO_L152RE/TOOLCHAIN_GCC_ARM/stm32l1xx_hal_tim.o
                0x0000000008000cbc                HAL_TIM_PWM_MspInit
 .text.HAL_TIM_PWM_Init
                0x0000000008000cc0       0x30 mbed/TARGET_NUCLEO_L152RE/TOOLCHAIN_GCC_ARM/stm32l1xx_hal_tim.o
                0x0000000008000cc0                HAL_TIM_PWM_Init
 .text.HAL_TIM_PWM_Start
                0x0000000008000cf0       0x2c mbed/TARGET_NUCLEO_L152RE/TOOLCHAIN_GCC_ARM/stm32l1xx_hal_tim.o
                0x0000000008000cf0                HAL_TIM_PWM_Start
 .text.HAL_TIM_PWM_ConfigChannel
                0x0000000008000d1c      0x168 mbed/TARGET_NUCLEO_L152RE/TOOLCHAIN_GCC_ARM/stm32l1xx_hal_tim.o
                0x0000000008000d1c                HAL_TIM_PWM_ConfigChannel
 .text.mbed_sdk_init
                0x0000000008000e84        0x4 mbed/TARGET_NUCLEO_L152RE/TOOLCHAIN_GCC_ARM/mbed_overrides.o
                0x0000000008000e84                mbed_sdk_init
 .text.Reset_Handler
                0x0000000008000e88       0x50 mbed/TARGET_NUCLEO_L152RE/TOOLCHAIN_GCC_ARM/startup_stm32l152xe.o
                0x0000000008000e88                Reset_Handler
 .text.Default_Handler
                0x0000000008000ed8        0x4 mbed/TARGET_NUCLEO_L152RE/TOOLCHAIN_GCC_ARM/startup_stm32l152xe.o
                0x0000000008000ed8                RTC_Alarm_IRQHandler
                0x0000000008000ed8                EXTI2_IRQHandler
                0x0000000008000ed8                COMP_ACQ_IRQHandler
                0x0000000008000ed8                DebugMon_Handler
                0x0000000008000ed8                HardFault_Handler
                0x0000000008000ed8                TIM10_IRQHandler
                0x0000000008000ed8                USB_HP_IRQHandler
                0x0000000008000ed8                TIM6_IRQHandler
                0x0000000008000ed8                SysTick_Handler
                0x0000000008000ed8                PVD_IRQHandler
                0x0000000008000ed8                PendSV_Handler
                0x0000000008000ed8                NMI_Handler
                0x0000000008000ed8                EXTI3_IRQHandler
                0x0000000008000ed8                EXTI0_IRQHandler
                0x0000000008000ed8                I2C2_EV_IRQHandler
                0x0000000008000ed8                UsageFault_Handler
                0x0000000008000ed8                SPI1_IRQHandler
                0x0000000008000ed8                USB_FS_WKUP_IRQHandler
                0x0000000008000ed8                DMA2_Channel2_IRQHandler
                0x0000000008000ed8                DMA1_Channel4_IRQHandler
                0x0000000008000ed8                ADC1_IRQHandler
                0x0000000008000ed8                USART3_IRQHandler
                0x0000000008000ed8                DMA1_Channel7_IRQHandler
                0x0000000008000ed8                LCD_IRQHandler
                0x0000000008000ed8                UART5_IRQHandler
                0x0000000008000ed8                TIM4_IRQHandler
                0x0000000008000ed8                DMA2_Channel1_IRQHandler
                0x0000000008000ed8                I2C1_EV_IRQHandler
                0x0000000008000ed8                DMA1_Channel6_IRQHandler
                0x0000000008000ed8                UART4_IRQHandler
                0x0000000008000ed8                DMA2_Channel4_IRQHandler
                0x0000000008000ed8                TIM3_IRQHandler
                0x0000000008000ed8                RCC_IRQHandler
                0x0000000008000ed8                DMA1_Channel1_IRQHandler
                0x0000000008000ed8                Default_Handler
                0x0000000008000ed8                EXTI15_10_IRQHandler
                0x0000000008000ed8                TIM7_IRQHandler
                0x0000000008000ed8                TIM5_IRQHandler
                0x0000000008000ed8                EXTI9_5_IRQHandler
                0x0000000008000ed8                TIM9_IRQHandler
                0x0000000008000ed8                TAMPER_STAMP_IRQHandler
                0x0000000008000ed8                RTC_WKUP_IRQHandler
                0x0000000008000ed8                SPI2_IRQHandler
                0x0000000008000ed8                MemManage_Handler
                0x0000000008000ed8                SVC_Handler
                0x0000000008000ed8                DMA2_Channel5_IRQHandler
                0x0000000008000ed8                DMA1_Channel5_IRQHandler
                0x0000000008000ed8                USB_LP_IRQHandler
                0x0000000008000ed8                EXTI4_IRQHandler
                0x0000000008000ed8                DMA1_Channel3_IRQHandler
                0x0000000008000ed8                COMP_IRQHandler
                0x0000000008000ed8                WWDG_IRQHandler
                0x0000000008000ed8                TIM2_IRQHandler
                0x0000000008000ed8                DAC_IRQHandler
                0x0000000008000ed8                EXTI1_IRQHandler
                0x0000000008000ed8                TIM11_IRQHandler
                0x0000000008000ed8                USART2_IRQHandler
                0x0000000008000ed8                I2C2_ER_IRQHandler
                0x0000000008000ed8                DMA1_Channel2_IRQHandler
                0x0000000008000ed8                FLASH_IRQHandler
                0x0000000008000ed8                BusFault_Handler
                0x0000000008000ed8                USART1_IRQHandler
                0x0000000008000ed8                SPI3_IRQHandler
                0x0000000008000ed8                I2C1_ER_IRQHandler
                0x0000000008000ed8                DMA2_Channel3_IRQHandler
 .text.HAL_RCC_OscConfig
                0x0000000008000edc      0x7e4 mbed/TARGET_NUCLEO_L152RE/TOOLCHAIN_GCC_ARM/stm32l1xx_hal_rcc.o
                0x0000000008000edc                HAL_RCC_OscConfig
 .text.HAL_RCC_ClockConfig
                0x00000000080016c0      0x34c mbed/TARGET_NUCLEO_L152RE/TOOLCHAIN_GCC_ARM/stm32l1xx_hal_rcc.o
                0x00000000080016c0                HAL_RCC_ClockConfig
 .text.HAL_RCC_GetSysClockFreq
                0x0000000008001a0c       0x9c mbed/TARGET_NUCLEO_L152RE/TOOLCHAIN_GCC_ARM/stm32l1xx_hal_rcc.o
                0x0000000008001a0c                HAL_RCC_GetSysClockFreq
 .text.HAL_RCC_GetHCLKFreq
                0x0000000008001aa8       0x38 mbed/TARGET_NUCLEO_L152RE/TOOLCHAIN_GCC_ARM/stm32l1xx_hal_rcc.o
                0x0000000008001aa8                HAL_RCC_GetHCLKFreq
 .text.HAL_RCC_GetPCLK1Freq
                0x0000000008001ae0       0x30 mbed/TARGET_NUCLEO_L152RE/TOOLCHAIN_GCC_ARM/stm32l1xx_hal_rcc.o
                0x0000000008001ae0                HAL_RCC_GetPCLK1Freq
 .text.HAL_RCC_GetPCLK2Freq
                0x0000000008001b10       0x30 mbed/TARGET_NUCLEO_L152RE/TOOLCHAIN_GCC_ARM/stm32l1xx_hal_rcc.o
                0x0000000008001b10                HAL_RCC_GetPCLK2Freq
 .text.HAL_NVIC_SetPriorityGrouping
                0x0000000008001b40       0x24 mbed/TARGET_NUCLEO_L152RE/TOOLCHAIN_GCC_ARM/stm32l1xx_hal_cortex.o
                0x0000000008001b40                HAL_NVIC_SetPriorityGrouping
 .text.timer_irq_handler
                0x0000000008001b64       0x48 mbed/TARGET_NUCLEO_L152RE/TOOLCHAIN_GCC_ARM/hal_tick.o
                0x0000000008001b64                timer_irq_handler
 .text.HAL_InitTick
                0x0000000008001bac       0xa4 mbed/TARGET_NUCLEO_L152RE/TOOLCHAIN_GCC_ARM/hal_tick.o
                0x0000000008001bac                HAL_InitTick
 .text.SystemCoreClockUpdate
                0x0000000008001c50       0x94 mbed/TARGET_NUCLEO_L152RE/TOOLCHAIN_GCC_ARM/system_stm32l1xx.o
                0x0000000008001c50                SystemCoreClockUpdate
 .text.SetSysClock_PLL_HSE
                0x0000000008001ce4       0xb8 mbed/TARGET_NUCLEO_L152RE/TOOLCHAIN_GCC_ARM/system_stm32l1xx.o
                0x0000000008001ce4                SetSysClock_PLL_HSE
 .text.SetSysClock_PLL_HSI
                0x0000000008001d9c       0x7c mbed/TARGET_NUCLEO_L152RE/TOOLCHAIN_GCC_ARM/system_stm32l1xx.o
                0x0000000008001d9c                SetSysClock_PLL_HSI
 .text.SetSysClock
                0x0000000008001e18       0x20 mbed/TARGET_NUCLEO_L152RE/TOOLCHAIN_GCC_ARM/system_stm32l1xx.o
                0x0000000008001e18                SetSysClock
 .text.SystemInit
                0x0000000008001e38       0x70 mbed/TARGET_NUCLEO_L152RE/TOOLCHAIN_GCC_ARM/system_stm32l1xx.o
                0x0000000008001e38                SystemInit
 .text.pwmout_write
                0x0000000008001ea8       0xb0 ./mbed/TARGET_NUCLEO_L152RE/TOOLCHAIN_GCC_ARM/libmbed.a(pwmout_api.o)
                0x0000000008001ea8                pwmout_write
 .text.pwmout_period_us
                0x0000000008001f58       0xa0 ./mbed/TARGET_NUCLEO_L152RE/TOOLCHAIN_GCC_ARM/libmbed.a(pwmout_api.o)
                0x0000000008001f58                pwmout_period_us
 .text.pwmout_init
                0x0000000008001ff8       0xe4 ./mbed/TARGET_NUCLEO_L152RE/TOOLCHAIN_GCC_ARM/libmbed.a(pwmout_api.o)
                0x0000000008001ff8                pwmout_init
 .text.pwmout_pulsewidth_us
                0x00000000080020dc       0x28 ./mbed/TARGET_NUCLEO_L152RE/TOOLCHAIN_GCC_ARM/libmbed.a(pwmout_api.o)
                0x00000000080020dc                pwmout_pulsewidth_us
 .text.init_uart
                0x0000000008002104       0x4c ./mbed/TARGET_NUCLEO_L152RE/TOOLCHAIN_GCC_ARM/libmbed.a(serial_api.o)
 .text.serial_init
                0x0000000008002150      0x138 ./mbed/TARGET_NUCLEO_L152RE/TOOLCHAIN_GCC_ARM/libmbed.a(serial_api.o)
                0x0000000008002150                serial_init
 .text.serial_baud
                0x0000000008002288        0x8 ./mbed/TARGET_NUCLEO_L152RE/TOOLCHAIN_GCC_ARM/libmbed.a(serial_api.o)
                0x0000000008002288                serial_baud
 .text.serial_irq_handler
                0x0000000008002290       0x1c ./mbed/TARGET_NUCLEO_L152RE/TOOLCHAIN_GCC_ARM/libmbed.a(serial_api.o)
                0x0000000008002290                serial_irq_handler
 .text.serial_getc
                0x00000000080022ac       0x18 ./mbed/TARGET_NUCLEO_L152RE/TOOLCHAIN_GCC_ARM/libmbed.a(serial_api.o)
                0x00000000080022ac                serial_getc
 .text.serial_putc
                0x00000000080022c4       0x18 ./mbed/TARGET_NUCLEO_L152RE/TOOLCHAIN_GCC_ARM/libmbed.a(serial_api.o)
                0x00000000080022c4                serial_putc
 .text._ZN4mbed8FilePathC2EPKc
                0x00000000080022dc       0x58 ./mbed/TARGET_NUCLEO_L152RE/TOOLCHAIN_GCC_ARM/libmbed.a(FilePath.o)
                0x00000000080022dc                mbed::FilePath::FilePath(char const*)
                0x00000000080022dc                mbed::FilePath::FilePath(char const*)
 .text._ZN4mbed8FilePath8fileNameEv
                0x0000000008002334        0x4 ./mbed/TARGET_NUCLEO_L152RE/TOOLCHAIN_GCC_ARM/libmbed.a(FilePath.o)
                0x0000000008002334                mbed::FilePath::fileName()
 .text._ZN4mbed8FilePath10fileSystemEv
                0x0000000008002338       0x18 ./mbed/TARGET_NUCLEO_L152RE/TOOLCHAIN_GCC_ARM/libmbed.a(FilePath.o)
                0x0000000008002338                mbed::FilePath::fileSystem()
 .text._ZN4mbed8FilePath6isFileEv
                0x0000000008002350       0x14 ./mbed/TARGET_NUCLEO_L152RE/TOOLCHAIN_GCC_ARM/libmbed.a(FilePath.o)
                0x0000000008002350                mbed::FilePath::isFile()
 .text._ZN4mbed8FilePath4fileEv
                0x0000000008002364       0x1c ./mbed/TARGET_NUCLEO_L152RE/TOOLCHAIN_GCC_ARM/libmbed.a(FilePath.o)
                0x0000000008002364                mbed::FilePath::file()
 .text._ZN4mbed8FilePath6existsEv
                0x0000000008002380        0xc ./mbed/TARGET_NUCLEO_L152RE/TOOLCHAIN_GCC_ARM/libmbed.a(FilePath.o)
                0x0000000008002380                mbed::FilePath::exists()
 .text._ZN4mbed6Serial5_getcEv
                0x000000000800238c        0x4 ./mbed/TARGET_NUCLEO_L152RE/TOOLCHAIN_GCC_ARM/libmbed.a(Serial.o)
                0x000000000800238c                mbed::Serial::_getc()
 .text._ZThn92_N4mbed6Serial5_getcEv
                0x0000000008002390        0x8 ./mbed/TARGET_NUCLEO_L152RE/TOOLCHAIN_GCC_ARM/libmbed.a(Serial.o)
                0x0000000008002390                non-virtual thunk to mbed::Serial::_getc()
 .text._ZN4mbed6Serial5_putcEi
                0x0000000008002398        0x4 ./mbed/TARGET_NUCLEO_L152RE/TOOLCHAIN_GCC_ARM/libmbed.a(Serial.o)
                0x0000000008002398                mbed::Serial::_putc(int)
 .text._ZThn92_N4mbed6Serial5_putcEi
                0x000000000800239c        0x8 ./mbed/TARGET_NUCLEO_L152RE/TOOLCHAIN_GCC_ARM/libmbed.a(Serial.o)
                0x000000000800239c                non-virtual thunk to mbed::Serial::_putc(int)
 .text._ZN4mbed6SerialC2E7PinNameS1_PKc
                0x00000000080023a4       0x30 ./mbed/TARGET_NUCLEO_L152RE/TOOLCHAIN_GCC_ARM/libmbed.a(Serial.o)
                0x00000000080023a4                mbed::Serial::Serial(PinName, PinName, char const*)
                0x00000000080023a4                mbed::Serial::Serial(PinName, PinName, char const*)
 .text._ZN4mbed6Stream5closeEv
                0x00000000080023d4        0x4 ./mbed/TARGET_NUCLEO_L152RE/TOOLCHAIN_GCC_ARM/libmbed.a(Stream.o)
                0x00000000080023d4                mbed::Stream::close()
 .text._ZN4mbed6Stream5writeEPKvj
                0x00000000080023d8       0x30 ./mbed/TARGET_NUCLEO_L152RE/TOOLCHAIN_GCC_ARM/libmbed.a(Stream.o)
                0x00000000080023d8                mbed::Stream::write(void const*, unsigned int)
 .text._ZN4mbed6Stream4readEPvj
                0x0000000008002408       0x30 ./mbed/TARGET_NUCLEO_L152RE/TOOLCHAIN_GCC_ARM/libmbed.a(Stream.o)
                0x0000000008002408                mbed::Stream::read(void*, unsigned int)
 .text._ZN4mbed6Stream5lseekEli
                0x0000000008002438        0x4 ./mbed/TARGET_NUCLEO_L152RE/TOOLCHAIN_GCC_ARM/libmbed.a(Stream.o)
                0x0000000008002438                mbed::Stream::lseek(long, int)
 .text._ZN4mbed6Stream6isattyEv
                0x000000000800243c        0x4 ./mbed/TARGET_NUCLEO_L152RE/TOOLCHAIN_GCC_ARM/libmbed.a(Stream.o)
                0x000000000800243c                mbed::Stream::isatty()
 .text._ZN4mbed6Stream5fsyncEv
                0x0000000008002440        0x4 ./mbed/TARGET_NUCLEO_L152RE/TOOLCHAIN_GCC_ARM/libmbed.a(Stream.o)
                0x0000000008002440                mbed::Stream::fsync()
 .text._ZN4mbed6Stream4flenEv
                0x0000000008002444        0x4 ./mbed/TARGET_NUCLEO_L152RE/TOOLCHAIN_GCC_ARM/libmbed.a(Stream.o)
                0x0000000008002444                mbed::Stream::flen()
 .text._ZN4mbed6StreamD2Ev
                0x0000000008002448       0x24 ./mbed/TARGET_NUCLEO_L152RE/TOOLCHAIN_GCC_ARM/libmbed.a(Stream.o)
                0x0000000008002448                mbed::Stream::~Stream()
                0x0000000008002448                mbed::Stream::~Stream()
 .text._ZThn4_N4mbed6StreamD1Ev
                0x000000000800246c        0x8 ./mbed/TARGET_NUCLEO_L152RE/TOOLCHAIN_GCC_ARM/libmbed.a(Stream.o)
                0x000000000800246c                non-virtual thunk to mbed::Stream::~Stream()
 .text._ZN4mbed6StreamD0Ev
                0x0000000008002474       0x14 ./mbed/TARGET_NUCLEO_L152RE/TOOLCHAIN_GCC_ARM/libmbed.a(Stream.o)
                0x0000000008002474                mbed::Stream::~Stream()
 .text._ZThn4_N4mbed6StreamD0Ev
                0x0000000008002488        0x8 ./mbed/TARGET_NUCLEO_L152RE/TOOLCHAIN_GCC_ARM/libmbed.a(Stream.o)
                0x0000000008002488                non-virtual thunk to mbed::Stream::~Stream()
 .text._ZN4mbed6StreamC2EPKc
                0x0000000008002490       0x44 ./mbed/TARGET_NUCLEO_L152RE/TOOLCHAIN_GCC_ARM/libmbed.a(Stream.o)
                0x0000000008002490                mbed::Stream::Stream(char const*)
                0x0000000008002490                mbed::Stream::Stream(char const*)
 .text._ZN4mbed6Stream4getcEv
                0x00000000080024d4       0x14 ./mbed/TARGET_NUCLEO_L152RE/TOOLCHAIN_GCC_ARM/libmbed.a(Stream.o)
                0x00000000080024d4                mbed::Stream::getc()
 .text._ZN4mbed10SerialBase12_irq_handlerEm9SerialIrq
                0x00000000080024e8       0x10 ./mbed/TARGET_NUCLEO_L152RE/TOOLCHAIN_GCC_ARM/libmbed.a(SerialBase.o)
                0x00000000080024e8                mbed::SerialBase::_irq_handler(unsigned long, SerialIrq)
 .text._ZN4mbed10SerialBaseC2E7PinNameS1_
                0x00000000080024f8       0x58 ./mbed/TARGET_NUCLEO_L152RE/TOOLCHAIN_GCC_ARM/libmbed.a(SerialBase.o)
                0x00000000080024f8                mbed::SerialBase::SerialBase(PinName, PinName)
                0x00000000080024f8                mbed::SerialBase::SerialBase(PinName, PinName)
 .text._ZN4mbed10SerialBase4baudEi
                0x0000000008002550       0x10 ./mbed/TARGET_NUCLEO_L152RE/TOOLCHAIN_GCC_ARM/libmbed.a(SerialBase.o)
                0x0000000008002550                mbed::SerialBase::baud(int)
 .text._ZN4mbed10SerialBase10_base_getcEv
                0x0000000008002560        0x8 ./mbed/TARGET_NUCLEO_L152RE/TOOLCHAIN_GCC_ARM/libmbed.a(SerialBase.o)
                0x0000000008002560                mbed::SerialBase::_base_getc()
 .text._ZN4mbed10SerialBase10_base_putcEi
                0x0000000008002568       0x10 ./mbed/TARGET_NUCLEO_L152RE/TOOLCHAIN_GCC_ARM/libmbed.a(SerialBase.o)
                0x0000000008002568                mbed::SerialBase::_base_putc(int)
 .text.mbed_assert_internal
                0x0000000008002578       0x2c ./mbed/TARGET_NUCLEO_L152RE/TOOLCHAIN_GCC_ARM/libmbed.a(assert.o)
                0x0000000008002578                mbed_assert_internal
 .text.error    0x00000000080025a4       0x24 ./mbed/TARGET_NUCLEO_L152RE/TOOLCHAIN_GCC_ARM/libmbed.a(error.o)
                0x00000000080025a4                error
 .text.pinmap_pinout
                0x00000000080025c8       0x44 ./mbed/TARGET_NUCLEO_L152RE/TOOLCHAIN_GCC_ARM/libmbed.a(pinmap_common.o)
                0x00000000080025c8                pinmap_pinout
 .text.pinmap_merge
                0x000000000800260c       0x24 ./mbed/TARGET_NUCLEO_L152RE/TOOLCHAIN_GCC_ARM/libmbed.a(pinmap_common.o)
                0x000000000800260c                pinmap_merge
 .text.pinmap_peripheral
                0x0000000008002630       0x34 ./mbed/TARGET_NUCLEO_L152RE/TOOLCHAIN_GCC_ARM/libmbed.a(pinmap_common.o)
                0x0000000008002630                pinmap_peripheral
 .text.us_ticker_irq_handler
                0x0000000008002664       0x48 ./mbed/TARGET_NUCLEO_L152RE/TOOLCHAIN_GCC_ARM/libmbed.a(us_ticker_api.o)
                0x0000000008002664                us_ticker_irq_handler
 .text.wait_us  0x00000000080026ac       0x18 ./mbed/TARGET_NUCLEO_L152RE/TOOLCHAIN_GCC_ARM/libmbed.a(wait_api.o)
                0x00000000080026ac                wait_us
 .text.wait_ms  0x00000000080026c4        0xc ./mbed/TARGET_NUCLEO_L152RE/TOOLCHAIN_GCC_ARM/libmbed.a(wait_api.o)
                0x00000000080026c4                wait_ms
 .text.Set_GPIO_Clock
                0x00000000080026d0       0x80 ./mbed/TARGET_NUCLEO_L152RE/TOOLCHAIN_GCC_ARM/libmbed.a(pinmap.o)
                0x00000000080026d0                Set_GPIO_Clock
 .text.pin_function
                0x0000000008002750       0x60 ./mbed/TARGET_NUCLEO_L152RE/TOOLCHAIN_GCC_ARM/libmbed.a(pinmap.o)
                0x0000000008002750                pin_function
 .text.pin_mode
                0x00000000080027b0       0x50 ./mbed/TARGET_NUCLEO_L152RE/TOOLCHAIN_GCC_ARM/libmbed.a(pinmap.o)
                0x00000000080027b0                pin_mode
 .text.us_ticker_init
                0x0000000008002800       0x2c ./mbed/TARGET_NUCLEO_L152RE/TOOLCHAIN_GCC_ARM/libmbed.a(us_ticker.o)
                0x0000000008002800                us_ticker_init
 .text.us_ticker_read
                0x000000000800282c       0x1c ./mbed/TARGET_NUCLEO_L152RE/TOOLCHAIN_GCC_ARM/libmbed.a(us_ticker.o)
                0x000000000800282c                us_ticker_read
 .text.us_ticker_set_interrupt
                0x0000000008002848       0x14 ./mbed/TARGET_NUCLEO_L152RE/TOOLCHAIN_GCC_ARM/libmbed.a(us_ticker.o)
                0x0000000008002848                us_ticker_set_interrupt
 .text.us_ticker_disable_interrupt
                0x000000000800285c       0x14 ./mbed/TARGET_NUCLEO_L152RE/TOOLCHAIN_GCC_ARM/libmbed.a(us_ticker.o)
                0x000000000800285c                us_ticker_disable_interrupt
 .text.us_ticker_clear_interrupt
                0x0000000008002870       0x10 ./mbed/TARGET_NUCLEO_L152RE/TOOLCHAIN_GCC_ARM/libmbed.a(us_ticker.o)
                0x0000000008002870                us_ticker_clear_interrupt
 .text._ZN4mbed8FileBaseD2Ev
                0x0000000008002880       0x30 ./mbed/TARGET_NUCLEO_L152RE/TOOLCHAIN_GCC_ARM/libmbed.a(FileBase.o)
                0x0000000008002880                mbed::FileBase::~FileBase()
                0x0000000008002880                mbed::FileBase::~FileBase()
 .text._ZN4mbed8FileBaseD0Ev
                0x00000000080028b0       0x3c ./mbed/TARGET_NUCLEO_L152RE/TOOLCHAIN_GCC_ARM/libmbed.a(FileBase.o)
                0x00000000080028b0                mbed::FileBase::~FileBase()
 .text._ZN4mbed8FileBaseC2EPKcNS_8PathTypeE
                0x00000000080028ec       0x28 ./mbed/TARGET_NUCLEO_L152RE/TOOLCHAIN_GCC_ARM/libmbed.a(FileBase.o)
                0x00000000080028ec                mbed::FileBase::FileBase(char const*, mbed::PathType)
                0x00000000080028ec                mbed::FileBase::FileBase(char const*, mbed::PathType)
 .text._ZN4mbed8FileBase6lookupEPKcj
                0x0000000008002914       0x3c ./mbed/TARGET_NUCLEO_L152RE/TOOLCHAIN_GCC_ARM/libmbed.a(FileBase.o)
                0x0000000008002914                mbed::FileBase::lookup(char const*, unsigned int)
 .text._ZN4mbed8FileBase11getPathTypeEv
                0x0000000008002950        0x4 ./mbed/TARGET_NUCLEO_L152RE/TOOLCHAIN_GCC_ARM/libmbed.a(FileBase.o)
                0x0000000008002950                mbed::FileBase::getPathType()
 .text._ZN4mbed8FileLikeD2Ev
                0x0000000008002954       0x24 ./mbed/TARGET_NUCLEO_L152RE/TOOLCHAIN_GCC_ARM/libmbed.a(FileLike.o)
                0x0000000008002954                mbed::FileLike::~FileLike()
                0x0000000008002954                mbed::FileLike::~FileLike()
 .text._ZThn4_N4mbed8FileLikeD1Ev
                0x0000000008002978        0x8 ./mbed/TARGET_NUCLEO_L152RE/TOOLCHAIN_GCC_ARM/libmbed.a(FileLike.o)
                0x0000000008002978                non-virtual thunk to mbed::FileLike::~FileLike()
 .text._ZN4mbed8FileLikeD0Ev
                0x0000000008002980       0x2c ./mbed/TARGET_NUCLEO_L152RE/TOOLCHAIN_GCC_ARM/libmbed.a(FileLike.o)
                0x0000000008002980                mbed::FileLike::~FileLike()
 .text._ZThn4_N4mbed8FileLikeD0Ev
                0x00000000080029ac        0x8 ./mbed/TARGET_NUCLEO_L152RE/TOOLCHAIN_GCC_ARM/libmbed.a(FileLike.o)
                0x00000000080029ac                non-virtual thunk to mbed::FileLike::~FileLike()
 .text._ZN4mbed8FileLikeC2EPKc
                0x00000000080029b4       0x28 ./mbed/TARGET_NUCLEO_L152RE/TOOLCHAIN_GCC_ARM/libmbed.a(FileLike.o)
                0x00000000080029b4                mbed::FileLike::FileLike(char const*)
                0x00000000080029b4                mbed::FileLike::FileLike(char const*)
 .text._ZN4mbed15FunctionPointerC2EPFvvE
                0x00000000080029dc        0xc ./mbed/TARGET_NUCLEO_L152RE/TOOLCHAIN_GCC_ARM/libmbed.a(FunctionPointer.o)
                0x00000000080029dc                mbed::FunctionPointer::FunctionPointer(void (*)())
                0x00000000080029dc                mbed::FunctionPointer::FunctionPointer(void (*)())
 .text._ZN4mbed15FunctionPointer4callEv
                0x00000000080029e8       0x18 ./mbed/TARGET_NUCLEO_L152RE/TOOLCHAIN_GCC_ARM/libmbed.a(FunctionPointer.o)
                0x00000000080029e8                mbed::FunctionPointer::call()
 .text.__aeabi_atexit
                0x0000000008002a00        0xa /usr/lib/gcc/arm-none-eabi/4.8/../../../arm-none-eabi/lib/armv7-m/libstdc++_nano.a(atexit_arm.o)
                0x0000000008002a00                __aeabi_atexit
 .text._ZdlPv   0x0000000008002a0a        0x8 /usr/lib/gcc/arm-none-eabi/4.8/../../../arm-none-eabi/lib/armv7-m/libstdc++_nano.a(del_op.o)
                0x0000000008002a0a                operator delete(void*)
 *fill*         0x0000000008002a12        0x2 
 .text.__cxa_atexit
                0x0000000008002a14       0x20 /usr/lib/gcc/arm-none-eabi/4.8/../../../arm-none-eabi/lib/armv7-m/libc_nano.a(lib_a-cxa_atexit.o)
                0x0000000008002a14                __cxa_atexit
 .text.__errno  0x0000000008002a34        0xc /usr/lib/gcc/arm-none-eabi/4.8/../../../arm-none-eabi/lib/armv7-m/libc_nano.a(lib_a-errno.o)
                0x0000000008002a34                __errno
 .text.exit     0x0000000008002a40       0x28 /usr/lib/gcc/arm-none-eabi/4.8/../../../arm-none-eabi/lib/armv7-m/libc_nano.a(lib_a-exit.o)
                0x0000000008002a40                exit
 .text._fclose_r
                0x0000000008002a68       0xa8 /usr/lib/gcc/arm-none-eabi/4.8/../../../arm-none-eabi/lib/armv7-m/libc_nano.a(lib_a-fclose.o)
                0x0000000008002a68                _fclose_r
 .text.fclose   0x0000000008002b10       0x10 /usr/lib/gcc/arm-none-eabi/4.8/../../../arm-none-eabi/lib/armv7-m/libc_nano.a(lib_a-fclose.o)
                0x0000000008002b10                fclose
 .text.__sflush_r
                0x0000000008002b20      0x106 /usr/lib/gcc/arm-none-eabi/4.8/../../../arm-none-eabi/lib/armv7-m/libc_nano.a(lib_a-fflush.o)
                0x0000000008002b20                __sflush_r
 *fill*         0x0000000008002c26        0x2 
 .text._fflush_r
                0x0000000008002c28       0x54 /usr/lib/gcc/arm-none-eabi/4.8/../../../arm-none-eabi/lib/armv7-m/libc_nano.a(lib_a-fflush.o)
                0x0000000008002c28                _fflush_r
 .text.fflush   0x0000000008002c7c       0x24 /usr/lib/gcc/arm-none-eabi/4.8/../../../arm-none-eabi/lib/armv7-m/libc_nano.a(lib_a-fflush.o)
                0x0000000008002c7c                fflush
 .text._fgetc_r
                0x0000000008002ca0       0x58 /usr/lib/gcc/arm-none-eabi/4.8/../../../arm-none-eabi/lib/armv7-m/libc_nano.a(lib_a-fgetc.o)
                0x0000000008002ca0                _fgetc_r
 .text.fgetc    0x0000000008002cf8       0x10 /usr/lib/gcc/arm-none-eabi/4.8/../../../arm-none-eabi/lib/armv7-m/libc_nano.a(lib_a-fgetc.o)
                0x0000000008002cf8                fgetc
 .text._cleanup_r
                0x0000000008002d08        0xc /usr/lib/gcc/arm-none-eabi/4.8/../../../arm-none-eabi/lib/armv7-m/libc_nano.a(lib_a-findfp.o)
                0x0000000008002d08                _cleanup_r
 .text.std.isra.0
                0x0000000008002d14       0x48 /usr/lib/gcc/arm-none-eabi/4.8/../../../arm-none-eabi/lib/armv7-m/libc_nano.a(lib_a-findfp.o)
 .text.__sfmoreglue
                0x0000000008002d5c       0x2c /usr/lib/gcc/arm-none-eabi/4.8/../../../arm-none-eabi/lib/armv7-m/libc_nano.a(lib_a-findfp.o)
                0x0000000008002d5c                __sfmoreglue
 .text.__sinit  0x0000000008002d88       0x60 /usr/lib/gcc/arm-none-eabi/4.8/../../../arm-none-eabi/lib/armv7-m/libc_nano.a(lib_a-findfp.o)
                0x0000000008002d88                __sinit
 .text.__sfp    0x0000000008002de8       0x74 /usr/lib/gcc/arm-none-eabi/4.8/../../../arm-none-eabi/lib/armv7-m/libc_nano.a(lib_a-findfp.o)
                0x0000000008002de8                __sfp
 .text.__sfp_lock_acquire
                0x0000000008002e5c        0x2 /usr/lib/gcc/arm-none-eabi/4.8/../../../arm-none-eabi/lib/armv7-m/libc_nano.a(lib_a-findfp.o)
                0x0000000008002e5c                __sfp_lock_acquire
 .text.__sfp_lock_release
                0x0000000008002e5e        0x2 /usr/lib/gcc/arm-none-eabi/4.8/../../../arm-none-eabi/lib/armv7-m/libc_nano.a(lib_a-findfp.o)
                0x0000000008002e5e                __sfp_lock_release
 .text._fopen_r
                0x0000000008002e60       0x80 /usr/lib/gcc/arm-none-eabi/4.8/../../../arm-none-eabi/lib/armv7-m/libc_nano.a(lib_a-fopen.o)
                0x0000000008002e60                _fopen_r
 .text.fopen    0x0000000008002ee0       0x14 /usr/lib/gcc/arm-none-eabi/4.8/../../../arm-none-eabi/lib/armv7-m/libc_nano.a(lib_a-fopen.o)
                0x0000000008002ee0                fopen
 .text.fprintf  0x0000000008002ef4       0x24 /usr/lib/gcc/arm-none-eabi/4.8/../../../arm-none-eabi/lib/armv7-m/libc_nano.a(lib_a-fprintf.o)
                0x0000000008002ef4                fprintf
                0x0000000008002ef4                fiprintf
 .text._fseek_r
                0x0000000008002f18        0x4 /usr/lib/gcc/arm-none-eabi/4.8/../../../arm-none-eabi/lib/armv7-m/libc_nano.a(lib_a-fseek.o)
                0x0000000008002f18                _fseek_r
 .text._fseeko_r
                0x0000000008002f1c      0x11c /usr/lib/gcc/arm-none-eabi/4.8/../../../arm-none-eabi/lib/armv7-m/libc_nano.a(lib_a-fseeko.o)
                0x0000000008002f1c                _fseeko_r
 .text._fwalk   0x0000000008003038       0x38 /usr/lib/gcc/arm-none-eabi/4.8/../../../arm-none-eabi/lib/armv7-m/libc_nano.a(lib_a-fwalk.o)
                0x0000000008003038                _fwalk
 .text._fwalk_reent
                0x0000000008003070       0x3c /usr/lib/gcc/arm-none-eabi/4.8/../../../arm-none-eabi/lib/armv7-m/libc_nano.a(lib_a-fwalk.o)
                0x0000000008003070                _fwalk_reent
 .text.__libc_init_array
                0x00000000080030ac       0x4c /usr/lib/gcc/arm-none-eabi/4.8/../../../arm-none-eabi/lib/armv7-m/libc_nano.a(lib_a-init.o)
                0x00000000080030ac                __libc_init_array
 .text.__smakebuf_r
                0x00000000080030f8       0x98 /usr/lib/gcc/arm-none-eabi/4.8/../../../arm-none-eabi/lib/armv7-m/libc_nano.a(lib_a-makebuf.o)
                0x00000000080030f8                __smakebuf_r
 .text.malloc   0x0000000008003190       0x10 /usr/lib/gcc/arm-none-eabi/4.8/../../../arm-none-eabi/lib/armv7-m/libc_nano.a(lib_a-malloc.o)
                0x0000000008003190                malloc
 .text.free     0x00000000080031a0       0x10 /usr/lib/gcc/arm-none-eabi/4.8/../../../arm-none-eabi/lib/armv7-m/libc_nano.a(lib_a-malloc.o)
                0x00000000080031a0                free
 .text.memchr   0x00000000080031b0       0x1c /usr/lib/gcc/arm-none-eabi/4.8/../../../arm-none-eabi/lib/armv7-m/libc_nano.a(lib_a-memchr-stub.o)
                0x00000000080031b0                memchr
 .text.memcpy   0x00000000080031cc       0x12 /usr/lib/gcc/arm-none-eabi/4.8/../../../arm-none-eabi/lib/armv7-m/libc_nano.a(lib_a-memcpy-stub.o)
                0x00000000080031cc                memcpy
 .text.memset   0x00000000080031de       0x10 /usr/lib/gcc/arm-none-eabi/4.8/../../../arm-none-eabi/lib/armv7-m/libc_nano.a(lib_a-memset.o)
                0x00000000080031de                memset
 *fill*         0x00000000080031ee        0x2 
 .text._free_r  0x00000000080031f0       0x88 /usr/lib/gcc/arm-none-eabi/4.8/../../../arm-none-eabi/lib/armv7-m/libc_nano.a(lib_a-nano-freer.o)
                0x00000000080031f0                _free_r
 .text._malloc_r
                0x0000000008003278       0xac /usr/lib/gcc/arm-none-eabi/4.8/../../../arm-none-eabi/lib/armv7-m/libc_nano.a(lib_a-nano-mallocr.o)
                0x0000000008003278                _malloc_r
 .text.__sfputc_r
                0x0000000008003324       0x2c /usr/lib/gcc/arm-none-eabi/4.8/../../../arm-none-eabi/lib/armv7-m/libc_nano.a(lib_a-nano-vfprintf.o)
 .text.__sfputs_r
                0x0000000008003350       0x24 /usr/lib/gcc/arm-none-eabi/4.8/../../../arm-none-eabi/lib/armv7-m/libc_nano.a(lib_a-nano-vfprintf.o)
                0x0000000008003350                __sfputs_r
 .text._vfprintf_r
                0x0000000008003374      0x208 /usr/lib/gcc/arm-none-eabi/4.8/../../../arm-none-eabi/lib/armv7-m/libc_nano.a(lib_a-nano-vfprintf.o)
                0x0000000008003374                _vfiprintf_r
                0x0000000008003374                _vfprintf_r
 .text.vfprintf
                0x000000000800357c       0x1c /usr/lib/gcc/arm-none-eabi/4.8/../../../arm-none-eabi/lib/armv7-m/libc_nano.a(lib_a-nano-vfprintf.o)
                0x000000000800357c                vfiprintf
                0x000000000800357c                vfprintf
 .text.__cvt    0x0000000008003598       0xbe /usr/lib/gcc/arm-none-eabi/4.8/../../../arm-none-eabi/lib/armv7-m/libc_nano.a(lib_a-nano-vfprintf_float.o)
                0x0000000008003598                __cvt
 .text.__exponent
                0x0000000008003656       0x68 /usr/lib/gcc/arm-none-eabi/4.8/../../../arm-none-eabi/lib/armv7-m/libc_nano.a(lib_a-nano-vfprintf_float.o)
                0x0000000008003656                __exponent
 *fill*         0x00000000080036be        0x2 
 .text._printf_float
                0x00000000080036c0      0x41c /usr/lib/gcc/arm-none-eabi/4.8/../../../arm-none-eabi/lib/armv7-m/libc_nano.a(lib_a-nano-vfprintf_float.o)
                0x00000000080036c0                _printf_float
 .text._printf_common
                0x0000000008003adc       0xe4 /usr/lib/gcc/arm-none-eabi/4.8/../../../arm-none-eabi/lib/armv7-m/libc_nano.a(lib_a-nano-vfprintf_i.o)
                0x0000000008003adc                _printf_common
 .text._printf_i
                0x0000000008003bc0      0x22c /usr/lib/gcc/arm-none-eabi/4.8/../../../arm-none-eabi/lib/armv7-m/libc_nano.a(lib_a-nano-vfprintf_i.o)
                0x0000000008003bc0                _printf_i
 .text._scanf_float
                0x0000000008003dec      0x3bc /usr/lib/gcc/arm-none-eabi/4.8/../../../arm-none-eabi/lib/armv7-m/libc_nano.a(lib_a-nano-vfscanf_float.o)
                0x0000000008003dec                _scanf_float
 .text._scanf_chars
                0x00000000080041a8       0xc0 /usr/lib/gcc/arm-none-eabi/4.8/../../../arm-none-eabi/lib/armv7-m/libc_nano.a(lib_a-nano-vfscanf_i.o)
                0x00000000080041a8                _scanf_chars
 .text._scanf_i
                0x0000000008004268      0x1ec /usr/lib/gcc/arm-none-eabi/4.8/../../../arm-none-eabi/lib/armv7-m/libc_nano.a(lib_a-nano-vfscanf_i.o)
                0x0000000008004268                _scanf_i
 .text._open_r  0x0000000008004454       0x24 /usr/lib/gcc/arm-none-eabi/4.8/../../../arm-none-eabi/lib/armv7-m/libc_nano.a(lib_a-openr.o)
                0x0000000008004454                _open_r
 .text.lflush   0x0000000008004478       0x12 /usr/lib/gcc/arm-none-eabi/4.8/../../../arm-none-eabi/lib/armv7-m/libc_nano.a(lib_a-refill.o)
 *fill*         0x000000000800448a        0x2 
 .text.__srefill_r
                0x000000000800448c      0x10c /usr/lib/gcc/arm-none-eabi/4.8/../../../arm-none-eabi/lib/armv7-m/libc_nano.a(lib_a-refill.o)
                0x000000000800448c                __srefill_r
 .text.__srget_r
                0x0000000008004598       0x58 /usr/lib/gcc/arm-none-eabi/4.8/../../../arm-none-eabi/lib/armv7-m/libc_nano.a(lib_a-rget.o)
                0x0000000008004598                __srget_r
 .text.__fpclassifyd
                0x00000000080045f0       0x44 /usr/lib/gcc/arm-none-eabi/4.8/../../../arm-none-eabi/lib/armv7-m/libc_nano.a(lib_a-s_fpclassify.o)
                0x00000000080045f0                __fpclassifyd
 .text._sbrk_r  0x0000000008004634       0x20 /usr/lib/gcc/arm-none-eabi/4.8/../../../arm-none-eabi/lib/armv7-m/libc_nano.a(lib_a-sbrkr.o)
                0x0000000008004634                _sbrk_r
 .text.__sccl   0x0000000008004654       0x62 /usr/lib/gcc/arm-none-eabi/4.8/../../../arm-none-eabi/lib/armv7-m/libc_nano.a(lib_a-sccl.o)
                0x0000000008004654                __sccl
 .text.setbuf   0x00000000080046b6       0x10 /usr/lib/gcc/arm-none-eabi/4.8/../../../arm-none-eabi/lib/armv7-m/libc_nano.a(lib_a-setbuf.o)
                0x00000000080046b6                setbuf
 *fill*         0x00000000080046c6        0x2 
 .text.setvbuf  0x00000000080046c8      0x110 /usr/lib/gcc/arm-none-eabi/4.8/../../../arm-none-eabi/lib/armv7-m/libc_nano.a(lib_a-setvbuf.o)
                0x00000000080046c8                setvbuf
 .text.nanf     0x00000000080047d8        0x8 /usr/lib/gcc/arm-none-eabi/4.8/../../../arm-none-eabi/lib/armv7-m/libc_nano.a(lib_a-sf_nan.o)
                0x00000000080047d8                nanf
 .text.sprintf  0x00000000080047e0       0x48 /usr/lib/gcc/arm-none-eabi/4.8/../../../arm-none-eabi/lib/armv7-m/libc_nano.a(lib_a-sprintf.o)
                0x00000000080047e0                sprintf
                0x00000000080047e0                siprintf
 .text.sscanf   0x0000000008004828       0x54 /usr/lib/gcc/arm-none-eabi/4.8/../../../arm-none-eabi/lib/armv7-m/libc_nano.a(lib_a-sscanf.o)
                0x0000000008004828                sscanf
                0x0000000008004828                siscanf
 .text.__sread  0x000000000800487c       0x22 /usr/lib/gcc/arm-none-eabi/4.8/../../../arm-none-eabi/lib/armv7-m/libc_nano.a(lib_a-stdio.o)
                0x000000000800487c                __sread
 .text.__seofread
                0x000000000800489e        0x4 /usr/lib/gcc/arm-none-eabi/4.8/../../../arm-none-eabi/lib/armv7-m/libc_nano.a(lib_a-stdio.o)
                0x000000000800489e                __seofread
 .text.__swrite
                0x00000000080048a2       0x38 /usr/lib/gcc/arm-none-eabi/4.8/../../../arm-none-eabi/lib/armv7-m/libc_nano.a(lib_a-stdio.o)
                0x00000000080048a2                __swrite
 .text.__sseek  0x00000000080048da       0x24 /usr/lib/gcc/arm-none-eabi/4.8/../../../arm-none-eabi/lib/armv7-m/libc_nano.a(lib_a-stdio.o)
                0x00000000080048da                __sseek
 .text.__sclose
                0x00000000080048fe        0x8 /usr/lib/gcc/arm-none-eabi/4.8/../../../arm-none-eabi/lib/armv7-m/libc_nano.a(lib_a-stdio.o)
                0x00000000080048fe                __sclose
 .text          0x0000000008004906       0x14 /usr/lib/gcc/arm-none-eabi/4.8/../../../arm-none-eabi/lib/armv7-m/libc_nano.a(lib_a-strcmp.o)
                0x0000000008004906                strcmp
 .text.strlen   0x000000000800491a       0x10 /usr/lib/gcc/arm-none-eabi/4.8/../../../arm-none-eabi/lib/armv7-m/libc_nano.a(lib_a-strlen.o)
                0x000000000800491a                strlen
 .text.strncmp  0x000000000800492a       0x2c /usr/lib/gcc/arm-none-eabi/4.8/../../../arm-none-eabi/lib/armv7-m/libc_nano.a(lib_a-strncmp.o)
                0x000000000800492a                strncmp
 .text.match    0x0000000008004956       0x28 /usr/lib/gcc/arm-none-eabi/4.8/../../../arm-none-eabi/lib/armv7-m/libc_nano.a(lib_a-strtod.o)
 .text.sulp     0x000000000800497e       0x3e /usr/lib/gcc/arm-none-eabi/4.8/../../../arm-none-eabi/lib/armv7-m/libc_nano.a(lib_a-strtod.o)
 *fill*         0x00000000080049bc        0x4 
 .text._strtod_r
                0x00000000080049c0      0xc18 /usr/lib/gcc/arm-none-eabi/4.8/../../../arm-none-eabi/lib/armv7-m/libc_nano.a(lib_a-strtod.o)
                0x00000000080049c0                _strtod_r
 .text._strtol_r
                0x00000000080055d8      0x104 /usr/lib/gcc/arm-none-eabi/4.8/../../../arm-none-eabi/lib/armv7-m/libc_nano.a(lib_a-strtol.o)
                0x00000000080055d8                _strtol_r
 .text._strtoul_r
                0x00000000080056dc       0xf0 /usr/lib/gcc/arm-none-eabi/4.8/../../../arm-none-eabi/lib/armv7-m/libc_nano.a(lib_a-strtoul.o)
                0x00000000080056dc                _strtoul_r
 .text.__submore
                0x00000000080057cc       0x72 /usr/lib/gcc/arm-none-eabi/4.8/../../../arm-none-eabi/lib/armv7-m/libc_nano.a(lib_a-ungetc.o)
                0x00000000080057cc                __submore
 *fill*         0x000000000800583e        0x2 
 .text.__swbuf_r
                0x0000000008005840       0xa8 /usr/lib/gcc/arm-none-eabi/4.8/../../../arm-none-eabi/lib/armv7-m/libc_nano.a(lib_a-wbuf.o)
                0x0000000008005840                __swbuf_r
 .text._write_r
                0x00000000080058e8       0x24 /usr/lib/gcc/arm-none-eabi/4.8/../../../arm-none-eabi/lib/armv7-m/libc_nano.a(lib_a-writer.o)
                0x00000000080058e8                _write_r
 .text.__swsetup_r
                0x000000000800590c       0xdc /usr/lib/gcc/arm-none-eabi/4.8/../../../arm-none-eabi/lib/armv7-m/libc_nano.a(lib_a-wsetup.o)
                0x000000000800590c                __swsetup_r
 .text.__register_exitproc
                0x00000000080059e8       0xb8 /usr/lib/gcc/arm-none-eabi/4.8/../../../arm-none-eabi/lib/armv7-m/libc_nano.a(lib_a-__atexit.o)
                0x00000000080059e8                __register_exitproc
 .text.__call_exitprocs
                0x0000000008005aa0       0xc8 /usr/lib/gcc/arm-none-eabi/4.8/../../../arm-none-eabi/lib/armv7-m/libc_nano.a(lib_a-__call_atexit.o)
                0x0000000008005aa0                __call_exitprocs
 .text._close_r
                0x0000000008005b68       0x20 /usr/lib/gcc/arm-none-eabi/4.8/../../../arm-none-eabi/lib/armv7-m/libc_nano.a(lib_a-closer.o)
                0x0000000008005b68                _close_r
 .text.quorem   0x0000000008005b88      0x11e /usr/lib/gcc/arm-none-eabi/4.8/../../../arm-none-eabi/lib/armv7-m/libc_nano.a(lib_a-dtoa.o)
 *fill*         0x0000000008005ca6        0x2 
 .text._dtoa_r  0x0000000008005ca8      0xb48 /usr/lib/gcc/arm-none-eabi/4.8/../../../arm-none-eabi/lib/armv7-m/libc_nano.a(lib_a-dtoa.o)
                0x0000000008005ca8                _dtoa_r
 .text.__sflags
                0x00000000080067f0       0x6e /usr/lib/gcc/arm-none-eabi/4.8/../../../arm-none-eabi/lib/armv7-m/libc_nano.a(lib_a-flags.o)
                0x00000000080067f0                __sflags
 *fill*         0x000000000800685e        0x2 
 .text._fstat_r
                0x0000000008006860       0x24 /usr/lib/gcc/arm-none-eabi/4.8/../../../arm-none-eabi/lib/armv7-m/libc_nano.a(lib_a-fstatr.o)
                0x0000000008006860                _fstat_r
 .text.rshift   0x0000000008006884       0x6a /usr/lib/gcc/arm-none-eabi/4.8/../../../arm-none-eabi/lib/armv7-m/libc_nano.a(lib_a-gdtoa-gethex.o)
 .text.__hexdig_fun
                0x00000000080068ee       0x2a /usr/lib/gcc/arm-none-eabi/4.8/../../../arm-none-eabi/lib/armv7-m/libc_nano.a(lib_a-gdtoa-gethex.o)
                0x00000000080068ee                __hexdig_fun
 .text.__gethex
                0x0000000008006918      0x45e /usr/lib/gcc/arm-none-eabi/4.8/../../../arm-none-eabi/lib/armv7-m/libc_nano.a(lib_a-gdtoa-gethex.o)
                0x0000000008006918                __gethex
 .text.L_shift  0x0000000008006d76       0x26 /usr/lib/gcc/arm-none-eabi/4.8/../../../arm-none-eabi/lib/armv7-m/libc_nano.a(lib_a-gdtoa-hexnan.o)
 .text.__hexnan
                0x0000000008006d9c      0x120 /usr/lib/gcc/arm-none-eabi/4.8/../../../arm-none-eabi/lib/armv7-m/libc_nano.a(lib_a-gdtoa-hexnan.o)
                0x0000000008006d9c                __hexnan
 .text._isatty_r
                0x0000000008006ebc       0x20 /usr/lib/gcc/arm-none-eabi/4.8/../../../arm-none-eabi/lib/armv7-m/libc_nano.a(lib_a-isattyr.o)
                0x0000000008006ebc                _isatty_r
 .text._localeconv_r
                0x0000000008006edc        0x8 /usr/lib/gcc/arm-none-eabi/4.8/../../../arm-none-eabi/lib/armv7-m/libc_nano.a(lib_a-locale.o)
                0x0000000008006edc                _localeconv_r
 .text._lseek_r
                0x0000000008006ee4       0x24 /usr/lib/gcc/arm-none-eabi/4.8/../../../arm-none-eabi/lib/armv7-m/libc_nano.a(lib_a-lseekr.o)
                0x0000000008006ee4                _lseek_r
 .text.memmove  0x0000000008006f08       0x36 /usr/lib/gcc/arm-none-eabi/4.8/../../../arm-none-eabi/lib/armv7-m/libc_nano.a(lib_a-memmove.o)
                0x0000000008006f08                memmove
 .text._Balloc  0x0000000008006f3e       0x6a /usr/lib/gcc/arm-none-eabi/4.8/../../../arm-none-eabi/lib/armv7-m/libc_nano.a(lib_a-mprec.o)
                0x0000000008006f3e                _Balloc
 .text._Bfree   0x0000000008006fa8       0x2e /usr/lib/gcc/arm-none-eabi/4.8/../../../arm-none-eabi/lib/armv7-m/libc_nano.a(lib_a-mprec.o)
                0x0000000008006fa8                _Bfree
 .text.__multadd
                0x0000000008006fd6       0x74 /usr/lib/gcc/arm-none-eabi/4.8/../../../arm-none-eabi/lib/armv7-m/libc_nano.a(lib_a-mprec.o)
                0x0000000008006fd6                __multadd
 .text.__s2b    0x000000000800704a       0x84 /usr/lib/gcc/arm-none-eabi/4.8/../../../arm-none-eabi/lib/armv7-m/libc_nano.a(lib_a-mprec.o)
                0x000000000800704a                __s2b
 .text.__hi0bits
                0x00000000080070ce       0x40 /usr/lib/gcc/arm-none-eabi/4.8/../../../arm-none-eabi/lib/armv7-m/libc_nano.a(lib_a-mprec.o)
                0x00000000080070ce                __hi0bits
 .text.__lo0bits
                0x000000000800710e       0x5a /usr/lib/gcc/arm-none-eabi/4.8/../../../arm-none-eabi/lib/armv7-m/libc_nano.a(lib_a-mprec.o)
                0x000000000800710e                __lo0bits
 .text.__i2b    0x0000000008007168       0x12 /usr/lib/gcc/arm-none-eabi/4.8/../../../arm-none-eabi/lib/armv7-m/libc_nano.a(lib_a-mprec.o)
                0x0000000008007168                __i2b
 .text.__multiply
                0x000000000800717a      0x130 /usr/lib/gcc/arm-none-eabi/4.8/../../../arm-none-eabi/lib/armv7-m/libc_nano.a(lib_a-mprec.o)
                0x000000000800717a                __multiply
 *fill*         0x00000000080072aa        0x2 
 .text.__pow5mult
                0x00000000080072ac       0x9c /usr/lib/gcc/arm-none-eabi/4.8/../../../arm-none-eabi/lib/armv7-m/libc_nano.a(lib_a-mprec.o)
                0x00000000080072ac                __pow5mult
 .text.__lshift
                0x0000000008007348       0xa6 /usr/lib/gcc/arm-none-eabi/4.8/../../../arm-none-eabi/lib/armv7-m/libc_nano.a(lib_a-mprec.o)
                0x0000000008007348                __lshift
 .text.__mcmp   0x00000000080073ee       0x3a /usr/lib/gcc/arm-none-eabi/4.8/../../../arm-none-eabi/lib/armv7-m/libc_nano.a(lib_a-mprec.o)
                0x00000000080073ee                __mcmp
 .text.__mdiff  0x0000000008007428       0xbe /usr/lib/gcc/arm-none-eabi/4.8/../../../arm-none-eabi/lib/armv7-m/libc_nano.a(lib_a-mprec.o)
                0x0000000008007428                __mdiff
 *fill*         0x00000000080074e6        0x2 
 .text.__ulp    0x00000000080074e8       0x44 /usr/lib/gcc/arm-none-eabi/4.8/../../../arm-none-eabi/lib/armv7-m/libc_nano.a(lib_a-mprec.o)
                0x00000000080074e8                __ulp
 .text.__b2d    0x000000000800752c       0xa6 /usr/lib/gcc/arm-none-eabi/4.8/../../../arm-none-eabi/lib/armv7-m/libc_nano.a(lib_a-mprec.o)
                0x000000000800752c                __b2d
 .text.__d2b    0x00000000080075d2       0xa4 /usr/lib/gcc/arm-none-eabi/4.8/../../../arm-none-eabi/lib/armv7-m/libc_nano.a(lib_a-mprec.o)
                0x00000000080075d2                __d2b
 .text.__ratio  0x0000000008007676       0x4c /usr/lib/gcc/arm-none-eabi/4.8/../../../arm-none-eabi/lib/armv7-m/libc_nano.a(lib_a-mprec.o)
                0x0000000008007676                __ratio
 .text.__copybits
                0x00000000080076c2       0x32 /usr/lib/gcc/arm-none-eabi/4.8/../../../arm-none-eabi/lib/armv7-m/libc_nano.a(lib_a-mprec.o)
                0x00000000080076c2                __copybits
 .text.__any_on
                0x00000000080076f4       0x48 /usr/lib/gcc/arm-none-eabi/4.8/../../../arm-none-eabi/lib/armv7-m/libc_nano.a(lib_a-mprec.o)
                0x00000000080076f4                __any_on
 .text._calloc_r
                0x000000000800773c       0x1c /usr/lib/gcc/arm-none-eabi/4.8/../../../arm-none-eabi/lib/armv7-m/libc_nano.a(lib_a-nano-callocr.o)
                0x000000000800773c                _calloc_r
 .text._realloc_r
                0x0000000008007758       0x4c /usr/lib/gcc/arm-none-eabi/4.8/../../../arm-none-eabi/lib/armv7-m/libc_nano.a(lib_a-nano-reallocr.o)
                0x0000000008007758                _realloc_r
 .text.__ssputs_r
                0x00000000080077a4       0xb8 /usr/lib/gcc/arm-none-eabi/4.8/../../../arm-none-eabi/lib/armv7-m/libc_nano.a(lib_a-nano-svfprintf.o)
                0x00000000080077a4                __ssputs_r
 .text._svfprintf_r
                0x000000000800785c      0x1d8 /usr/lib/gcc/arm-none-eabi/4.8/../../../arm-none-eabi/lib/armv7-m/libc_nano.a(lib_a-nano-svfprintf.o)
                0x000000000800785c                _svfprintf_r
                0x000000000800785c                _svfiprintf_r
 .text._sungetc_r
                0x0000000008007a34       0x7a /usr/lib/gcc/arm-none-eabi/4.8/../../../arm-none-eabi/lib/armv7-m/libc_nano.a(lib_a-nano-svfscanf.o)
                0x0000000008007a34                _sungetc_r
 .text.__ssrefill_r
                0x0000000008007aae       0x3a /usr/lib/gcc/arm-none-eabi/4.8/../../../arm-none-eabi/lib/armv7-m/libc_nano.a(lib_a-nano-svfscanf.o)
                0x0000000008007aae                __ssrefill_r
 .text.__ssvfscanf_r
                0x0000000008007ae8      0x29c /usr/lib/gcc/arm-none-eabi/4.8/../../../arm-none-eabi/lib/armv7-m/libc_nano.a(lib_a-nano-svfscanf.o)
                0x0000000008007ae8                __ssvfscanf_r
                0x0000000008007ae8                __ssvfiscanf_r
 .text._read_r  0x0000000008007d84       0x24 /usr/lib/gcc/arm-none-eabi/4.8/../../../arm-none-eabi/lib/armv7-m/libc_nano.a(lib_a-readr.o)
                0x0000000008007d84                _read_r
 .text._malloc_usable_size_r
                0x0000000008007da8       0x12 /usr/lib/gcc/arm-none-eabi/4.8/../../../arm-none-eabi/lib/armv7-m/libc_nano.a(lib_a-nano-msizer.o)
                0x0000000008007da8                _malloc_usable_size_r
 *fill*         0x0000000008007dba        0x2 
 .text          0x0000000008007dbc      0x370 /usr/lib/gcc/arm-none-eabi/4.8/armv7-m/libgcc.a(_arm_addsubdf3.o)
                0x0000000008007dbc                __aeabi_drsub
                0x0000000008007dc4                __aeabi_dsub
                0x0000000008007dc4                __subdf3
                0x0000000008007dc8                __adddf3
                0x0000000008007dc8                __aeabi_dadd
                0x0000000008008040                __aeabi_ui2d
                0x0000000008008040                __floatunsidf
                0x0000000008008060                __floatsidf
                0x0000000008008060                __aeabi_i2d
                0x0000000008008084                __extendsfdf2
                0x0000000008008084                __aeabi_f2d
                0x00000000080080c0                __aeabi_ul2d
                0x00000000080080c0                __floatundidf
                0x00000000080080d0                __floatdidf
                0x00000000080080d0                __aeabi_l2d
 .text          0x000000000800812c      0x424 /usr/lib/gcc/arm-none-eabi/4.8/armv7-m/libgcc.a(_arm_muldivdf3.o)
                0x000000000800812c                __aeabi_dmul
                0x000000000800812c                __muldf3
                0x0000000008008380                __aeabi_ddiv
                0x0000000008008380                __divdf3
 .text          0x0000000008008550      0x110 /usr/lib/gcc/arm-none-eabi/4.8/armv7-m/libgcc.a(_arm_cmpdf2.o)
                0x0000000008008550                __gtdf2
                0x0000000008008550                __gedf2
                0x0000000008008558                __ltdf2
                0x0000000008008558                __ledf2
                0x0000000008008560                __cmpdf2
                0x0000000008008560                __eqdf2
                0x0000000008008560                __nedf2
                0x00000000080085dc                __aeabi_cdrcmple
                0x00000000080085ec                __aeabi_cdcmple
                0x00000000080085ec                __aeabi_cdcmpeq
                0x00000000080085fc                __aeabi_dcmpeq
                0x0000000008008610                __aeabi_dcmplt
                0x0000000008008624                __aeabi_dcmple
                0x0000000008008638                __aeabi_dcmpge
                0x000000000800864c                __aeabi_dcmpgt
 .text          0x0000000008008660       0x50 /usr/lib/gcc/arm-none-eabi/4.8/armv7-m/libgcc.a(_arm_fixdfsi.o)
                0x0000000008008660                __fixdfsi
                0x0000000008008660                __aeabi_d2iz
 .text          0x00000000080086b0       0x40 /usr/lib/gcc/arm-none-eabi/4.8/armv7-m/libgcc.a(_arm_fixunsdfsi.o)
                0x00000000080086b0                __fixunsdfsi
                0x00000000080086b0                __aeabi_d2uiz
 .text          0x00000000080086f0       0xa0 /usr/lib/gcc/arm-none-eabi/4.8/armv7-m/libgcc.a(_arm_truncdfsf2.o)
                0x00000000080086f0                __aeabi_d2f
                0x00000000080086f0                __truncdfsf2
 .text          0x0000000008008790      0x21c /usr/lib/gcc/arm-none-eabi/4.8/armv7-m/libgcc.a(_arm_addsubsf3.o)
                0x0000000008008790                __aeabi_frsub
                0x0000000008008798                __subsf3
                0x0000000008008798                __aeabi_fsub
                0x000000000800879c                __aeabi_fadd
                0x000000000800879c                __addsf3
                0x00000000080088fc                __aeabi_ui2f
                0x00000000080088fc                __floatunsisf
                0x0000000008008904                __aeabi_i2f
                0x0000000008008904                __floatsisf
                0x0000000008008920                __floatundisf
                0x0000000008008920                __aeabi_ul2f
                0x0000000008008930                __floatdisf
                0x0000000008008930                __aeabi_l2f
 .text          0x00000000080089ac      0x2a0 /usr/lib/gcc/arm-none-eabi/4.8/armv7-m/libgcc.a(_arm_muldivsf3.o)
                0x00000000080089ac                __mulsf3
                0x00000000080089ac                __aeabi_fmul
                0x0000000008008b14                __divsf3
                0x0000000008008b14                __aeabi_fdiv
 .text          0x0000000008008c4c       0xec /usr/lib/gcc/arm-none-eabi/4.8/armv7-m/libgcc.a(_arm_cmpsf2.o)
                0x0000000008008c4c                __gtsf2
                0x0000000008008c4c                __gesf2
                0x0000000008008c54                __lesf2
                0x0000000008008c54                __ltsf2
                0x0000000008008c5c                __nesf2
                0x0000000008008c5c                __eqsf2
                0x0000000008008c5c                __cmpsf2
                0x0000000008008cbc                __aeabi_cfrcmple
                0x0000000008008cc4                __aeabi_cfcmple
                0x0000000008008cc4                __aeabi_cfcmpeq
                0x0000000008008cd4                __aeabi_fcmpeq
                0x0000000008008ce8                __aeabi_fcmplt
                0x0000000008008cfc                __aeabi_fcmple
                0x0000000008008d10                __aeabi_fcmpge
                0x0000000008008d24                __aeabi_fcmpgt
 .text          0x0000000008008d38       0x40 /usr/lib/gcc/arm-none-eabi/4.8/armv7-m/libgcc.a(_arm_fixunssfsi.o)
                0x0000000008008d38                __aeabi_f2uiz
                0x0000000008008d38                __fixunssfsi
 *(.init)
 .init          0x0000000008008d78        0x4 /usr/lib/gcc/arm-none-eabi/4.8/armv7-m/crti.o
                0x0000000008008d78                _init
 .init          0x0000000008008d7c        0x8 /usr/lib/gcc/arm-none-eabi/4.8/armv7-m/crtn.o
 *(.fini)
 .fini          0x0000000008008d84        0x4 /usr/lib/gcc/arm-none-eabi/4.8/armv7-m/crti.o
                0x0000000008008d84                _fini
 .fini          0x0000000008008d88        0x8 /usr/lib/gcc/arm-none-eabi/4.8/armv7-m/crtn.o
 *crtbegin.o(.ctors)
 *crtbegin?.o(.ctors)
 *(EXCLUDE_FILE(*crtend.o *crtend?.o) .ctors)
 *(SORT(.ctors.*))
 *(.ctors)
 *crtbegin.o(.dtors)
 *crtbegin?.o(.dtors)
 *(EXCLUDE_FILE(*crtend.o *crtend?.o) .dtors)
 *(SORT(.dtors.*))
 *(.dtors)
 *(.rodata*)
 .rodata._ZTVN4mbed10SerialBaseE
                0x0000000008008d90       0x10 main.o
                0x0000000008008d90                vtable for mbed::SerialBase
 .rodata.__stdin_name
                0x0000000008008da0        0x8 mbed/TARGET_NUCLEO_L152RE/TOOLCHAIN_GCC_ARM/retarget.o
                0x0000000008008da0                __stdin_name
 .rodata.__stderr_name
                0x0000000008008da8        0x8 mbed/TARGET_NUCLEO_L152RE/TOOLCHAIN_GCC_ARM/retarget.o
                0x0000000008008da8                __stderr_name
 .rodata.__stdout_name
                0x0000000008008db0        0x8 mbed/TARGET_NUCLEO_L152RE/TOOLCHAIN_GCC_ARM/retarget.o
                0x0000000008008db0                __stdout_name
 .rodata._ZTVN4mbed10FileHandleE
                0x0000000008008db8       0x30 mbed/TARGET_NUCLEO_L152RE/TOOLCHAIN_GCC_ARM/retarget.o
                0x0000000008008db8                vtable for mbed::FileHandle
 .rodata.str1.4
                0x0000000008008de8        0xe mbed/TARGET_NUCLEO_L152RE/TOOLCHAIN_GCC_ARM/retarget.o
                                         0x10 (size before relaxing)
 *fill*         0x0000000008008df6        0x2 
 .rodata.aPLLMulFactorTable
                0x0000000008008df8        0xc mbed/TARGET_NUCLEO_L152RE/TOOLCHAIN_GCC_ARM/stm32l1xx_hal_rcc.o
                0x0000000008008df8                aPLLMulFactorTable
 .rodata.aAPBAHBPrescTable
                0x0000000008008e04       0x10 mbed/TARGET_NUCLEO_L152RE/TOOLCHAIN_GCC_ARM/stm32l1xx_hal_rcc.o
                0x0000000008008e04                aAPBAHBPrescTable
 .rodata.aPLLDivisionFactorTable
                0x0000000008008e14        0x4 mbed/TARGET_NUCLEO_L152RE/TOOLCHAIN_GCC_ARM/stm32l1xx_hal_rcc.o
                0x0000000008008e14                aPLLDivisionFactorTable
 .rodata.AHBPrescTable
                0x0000000008008e18       0x10 mbed/TARGET_NUCLEO_L152RE/TOOLCHAIN_GCC_ARM/system_stm32l1xx.o
                0x0000000008008e18                AHBPrescTable
 .rodata.PLLMulTable
                0x0000000008008e28        0xc mbed/TARGET_NUCLEO_L152RE/TOOLCHAIN_GCC_ARM/system_stm32l1xx.o
                0x0000000008008e28                PLLMulTable
 .rodata.str1.4
                0x0000000008008e34       0x22 ./mbed/TARGET_NUCLEO_L152RE/TOOLCHAIN_GCC_ARM/libmbed.a(pwmout_api.o)
                                         0x24 (size before relaxing)
 *fill*         0x0000000008008e56        0x2 
 .rodata.str1.4
                0x0000000008008e58       0x8a ./mbed/TARGET_NUCLEO_L152RE/TOOLCHAIN_GCC_ARM/libmbed.a(serial_api.o)
                                         0x8c (size before relaxing)
 *fill*         0x0000000008008ee2        0x6 
 .rodata._ZTVN4mbed6SerialE
                0x0000000008008ee8       0x60 ./mbed/TARGET_NUCLEO_L152RE/TOOLCHAIN_GCC_ARM/libmbed.a(Serial.o)
                0x0000000008008ee8                vtable for mbed::Serial
 .rodata._ZTVN4mbed6StreamE
                0x0000000008008f48       0x48 ./mbed/TARGET_NUCLEO_L152RE/TOOLCHAIN_GCC_ARM/libmbed.a(Stream.o)
                0x0000000008008f48                vtable for mbed::Stream
 .rodata.str1.4
                0x0000000008008f90        0x3 ./mbed/TARGET_NUCLEO_L152RE/TOOLCHAIN_GCC_ARM/libmbed.a(Stream.o)
                                          0x8 (size before relaxing)
 *fill*         0x0000000008008f93        0x1 
 .rodata.str1.4
                0x0000000008008f94       0x31 ./mbed/TARGET_NUCLEO_L152RE/TOOLCHAIN_GCC_ARM/libmbed.a(assert.o)
                                         0x34 (size before relaxing)
 *fill*         0x0000000008008fc5        0x3 
 .rodata.str1.4
                0x0000000008008fc8       0x48 ./mbed/TARGET_NUCLEO_L152RE/TOOLCHAIN_GCC_ARM/libmbed.a(pinmap_common.o)
 .rodata.PinMap_UART_RX
                0x0000000008009010       0x54 ./mbed/TARGET_NUCLEO_L152RE/TOOLCHAIN_GCC_ARM/libmbed.a(PeripheralPins.o)
                0x0000000008009010                PinMap_UART_RX
 .rodata.PinMap_PWM
                0x0000000008009064      0x12c ./mbed/TARGET_NUCLEO_L152RE/TOOLCHAIN_GCC_ARM/libmbed.a(PeripheralPins.o)
                0x0000000008009064                PinMap_PWM
 .rodata.PinMap_UART_TX
                0x0000000008009190       0x54 ./mbed/TARGET_NUCLEO_L152RE/TOOLCHAIN_GCC_ARM/libmbed.a(PeripheralPins.o)
                0x0000000008009190                PinMap_UART_TX
 .rodata.gpio_mode
                0x00000000080091e4       0x34 ./mbed/TARGET_NUCLEO_L152RE/TOOLCHAIN_GCC_ARM/libmbed.a(pinmap.o)
 .rodata.str1.4
                0x0000000008009218       0xa4 ./mbed/TARGET_NUCLEO_L152RE/TOOLCHAIN_GCC_ARM/libmbed.a(pinmap.o)
 *fill*         0x00000000080092bc        0x4 
 .rodata._ZTVN4mbed8FileBaseE
                0x00000000080092c0       0x10 ./mbed/TARGET_NUCLEO_L152RE/TOOLCHAIN_GCC_ARM/libmbed.a(FileBase.o)
                0x00000000080092c0                vtable for mbed::FileBase
 .rodata._ZTVN4mbed8FileLikeE
                0x00000000080092d0       0x40 ./mbed/TARGET_NUCLEO_L152RE/TOOLCHAIN_GCC_ARM/libmbed.a(FileLike.o)
                0x00000000080092d0                vtable for mbed::FileLike
 .rodata.__sf_fake_stdin
                0x0000000008009310       0x20 /usr/lib/gcc/arm-none-eabi/4.8/../../../arm-none-eabi/lib/armv7-m/libc_nano.a(lib_a-findfp.o)
                0x0000000008009310                __sf_fake_stdin
 .rodata.__sf_fake_stdout
                0x0000000008009330       0x20 /usr/lib/gcc/arm-none-eabi/4.8/../../../arm-none-eabi/lib/armv7-m/libc_nano.a(lib_a-findfp.o)
                0x0000000008009330                __sf_fake_stdout
 .rodata.__sf_fake_stderr
                0x0000000008009350       0x20 /usr/lib/gcc/arm-none-eabi/4.8/../../../arm-none-eabi/lib/armv7-m/libc_nano.a(lib_a-findfp.o)
                0x0000000008009350                __sf_fake_stderr
 .rodata.str1.1
                0x0000000008009370        0x2 /usr/lib/gcc/arm-none-eabi/4.8/../../../arm-none-eabi/lib/armv7-m/libc_nano.a(lib_a-impure.o)
 *fill*         0x0000000008009372        0x2 
 .rodata._global_impure_ptr
                0x0000000008009374        0x4 /usr/lib/gcc/arm-none-eabi/4.8/../../../arm-none-eabi/lib/armv7-m/libc_nano.a(lib_a-impure.o)
                0x0000000008009374                _global_impure_ptr
 .rodata.str1.1
                0x0000000008009378       0x11 /usr/lib/gcc/arm-none-eabi/4.8/../../../arm-none-eabi/lib/armv7-m/libc_nano.a(lib_a-nano-vfprintf.o)
 .rodata.str1.1
                0x0000000008009389       0x10 /usr/lib/gcc/arm-none-eabi/4.8/../../../arm-none-eabi/lib/armv7-m/libc_nano.a(lib_a-nano-vfprintf_float.o)
                                         0x12 (size before relaxing)
 .rodata.str1.1
                0x0000000008009399       0x22 /usr/lib/gcc/arm-none-eabi/4.8/../../../arm-none-eabi/lib/armv7-m/libc_nano.a(lib_a-nano-vfprintf_i.o)
 .rodata.str1.1
                0x00000000080093bb        0x5 /usr/lib/gcc/arm-none-eabi/4.8/../../../arm-none-eabi/lib/armv7-m/libc_nano.a(lib_a-nano-vfscanf_float.o)
 .rodata        0x00000000080093c0        0xc /usr/lib/gcc/arm-none-eabi/4.8/../../../arm-none-eabi/lib/armv7-m/libc_nano.a(lib_a-nano-vfscanf_i.o)
 .rodata.str1.1
                0x00000000080093cc       0x1b /usr/lib/gcc/arm-none-eabi/4.8/../../../arm-none-eabi/lib/armv7-m/libc_nano.a(lib_a-nano-vfscanf_i.o)
 *fill*         0x00000000080093e7        0x1 
 .rodata.tinytens
                0x00000000080093e8       0x28 /usr/lib/gcc/arm-none-eabi/4.8/../../../arm-none-eabi/lib/armv7-m/libc_nano.a(lib_a-strtod.o)
 .rodata.fpi.5246
                0x0000000008009410       0x14 /usr/lib/gcc/arm-none-eabi/4.8/../../../arm-none-eabi/lib/armv7-m/libc_nano.a(lib_a-strtod.o)
 .rodata.str1.1
                0x0000000008009424       0x1b /usr/lib/gcc/arm-none-eabi/4.8/../../../arm-none-eabi/lib/armv7-m/libc_nano.a(lib_a-strtod.o)
                                          0xc (size before relaxing)
 .rodata.fpinan.5282
                0x0000000008009424       0x14 /usr/lib/gcc/arm-none-eabi/4.8/../../../arm-none-eabi/lib/armv7-m/libc_nano.a(lib_a-strtod.o)
 .rodata._ctype_
                0x0000000008009438      0x101 /usr/lib/gcc/arm-none-eabi/4.8/../../../arm-none-eabi/lib/armv7-m/libc_nano.a(lib_a-ctype_.o)
                0x0000000008009438                _ctype_
 .rodata.str1.1
                0x0000000008009539        0xd /usr/lib/gcc/arm-none-eabi/4.8/../../../arm-none-eabi/lib/armv7-m/libc_nano.a(lib_a-dtoa.o)
                                          0xf (size before relaxing)
 .rodata.str1.1
                0x0000000008009546        0x8 /usr/lib/gcc/arm-none-eabi/4.8/../../../arm-none-eabi/lib/armv7-m/libc_nano.a(lib_a-locale.o)
                                          0xb (size before relaxing)
 *fill*         0x000000000800954e        0x2 
 .rodata.__mprec_tens
                0x0000000008009550       0xc8 /usr/lib/gcc/arm-none-eabi/4.8/../../../arm-none-eabi/lib/armv7-m/libc_nano.a(lib_a-mprec.o)
                0x0000000008009550                __mprec_tens
 .rodata.__mprec_bigtens
                0x0000000008009618       0x28 /usr/lib/gcc/arm-none-eabi/4.8/../../../arm-none-eabi/lib/armv7-m/libc_nano.a(lib_a-mprec.o)
                0x0000000008009618                __mprec_bigtens
 .rodata.p05.5281
                0x0000000008009640        0xc /usr/lib/gcc/arm-none-eabi/4.8/../../../arm-none-eabi/lib/armv7-m/libc_nano.a(lib_a-mprec.o)
 .rodata.str1.1
                0x000000000800964c       0x11 /usr/lib/gcc/arm-none-eabi/4.8/../../../arm-none-eabi/lib/armv7-m/libc_nano.a(lib_a-nano-svfprintf.o)
 .rodata.str1.1
                0x000000000800964c        0x4 /usr/lib/gcc/arm-none-eabi/4.8/../../../arm-none-eabi/lib/armv7-m/libc_nano.a(lib_a-nano-svfscanf.o)
 *(.eh_frame*)
 .eh_frame      0x000000000800964c        0x0 /usr/lib/gcc/arm-none-eabi/4.8/armv7-m/crtbegin.o
 .eh_frame      0x000000000800964c       0x28 /usr/lib/gcc/arm-none-eabi/4.8/../../../arm-none-eabi/lib/armv7-m/libc_nano.a(lib_a-strcmp.o)
 .eh_frame      0x0000000008009674        0x4 /usr/lib/gcc/arm-none-eabi/4.8/armv7-m/crtend.o

.glue_7         0x0000000008009678        0x0
 .glue_7        0x0000000008009678        0x0 linker stubs

.glue_7t        0x0000000008009678        0x0
 .glue_7t       0x0000000008009678        0x0 linker stubs

.vfp11_veneer   0x0000000008009678        0x0
 .vfp11_veneer  0x0000000008009678        0x0 linker stubs

.v4_bx          0x0000000008009678        0x0
 .v4_bx         0x0000000008009678        0x0 linker stubs

.iplt           0x0000000008009678        0x0
 .iplt          0x0000000008009678        0x0 /usr/lib/gcc/arm-none-eabi/4.8/armv7-m/crtbegin.o

.rel.dyn        0x0000000008009678        0x0
 .rel.iplt      0x0000000008009678        0x0 /usr/lib/gcc/arm-none-eabi/4.8/armv7-m/crtbegin.o

.ARM.extab
 *(.ARM.extab* .gnu.linkonce.armextab.*)
                0x0000000008009678                __exidx_start = .

.ARM.exidx
 *(.ARM.exidx* .gnu.linkonce.armexidx.*)
                0x0000000008009678                __exidx_end = .
                0x0000000008009678                __etext = .
                0x0000000008009678                _sidata = .

.data           0x000000002000013c       0xbc load address 0x0000000008009678
                0x000000002000013c                __data_start__ = .
                0x000000002000013c                _sdata = .
 *(vtable)
 *(.data*)
 .data          0x000000002000013c        0x4 /usr/lib/gcc/arm-none-eabi/4.8/armv7-m/crtbegin.o
                0x000000002000013c                __dso_handle
 .data._ZZ5_sbrkE4heap
                0x0000000020000140        0x4 mbed/TARGET_NUCLEO_L152RE/TOOLCHAIN_GCC_ARM/retarget.o
 .data.SystemCoreClock
                0x0000000020000144        0x4 mbed/TARGET_NUCLEO_L152RE/TOOLCHAIN_GCC_ARM/system_stm32l1xx.o
                0x0000000020000144                SystemCoreClock
 .data.impure_data
                0x0000000020000148       0x60 /usr/lib/gcc/arm-none-eabi/4.8/../../../arm-none-eabi/lib/armv7-m/libc_nano.a(lib_a-impure.o)
 .data._impure_ptr
                0x00000000200001a8        0x4 /usr/lib/gcc/arm-none-eabi/4.8/../../../arm-none-eabi/lib/armv7-m/libc_nano.a(lib_a-impure.o)
                0x00000000200001a8                _impure_ptr
 .data.__ctype_ptr__
                0x00000000200001ac        0x4 /usr/lib/gcc/arm-none-eabi/4.8/../../../arm-none-eabi/lib/armv7-m/libc_nano.a(lib_a-ctype_.o)
                0x00000000200001ac                __ctype_ptr__
 .data.lconv    0x00000000200001b0       0x38 /usr/lib/gcc/arm-none-eabi/4.8/../../../arm-none-eabi/lib/armv7-m/libc_nano.a(lib_a-locale.o)
                0x00000000200001e8                . = ALIGN (0x4)
                0x00000000200001e8                PROVIDE (__preinit_array_start, .)
 *(.preinit_array)
                0x00000000200001e8                PROVIDE (__preinit_array_end, .)
                0x00000000200001e8                . = ALIGN (0x4)
                0x00000000200001e8                PROVIDE (__init_array_start, .)
 *(SORT(.init_array.*))
 *(.init_array)
 .init_array    0x00000000200001e8        0x4 /usr/lib/gcc/arm-none-eabi/4.8/armv7-m/crtbegin.o
 .init_array    0x00000000200001ec        0x4 main.o
                0x00000000200001f0                PROVIDE (__init_array_end, .)
                0x00000000200001f0                . = ALIGN (0x4)
                0x00000000200001f0                PROVIDE (__fini_array_start, .)
 *(SORT(.fini_array.*))
 *(.fini_array)
 .fini_array    0x00000000200001f0        0x4 /usr/lib/gcc/arm-none-eabi/4.8/armv7-m/crtbegin.o
                0x00000000200001f4                PROVIDE (__fini_array_end, .)
 *(.jcr*)
 .jcr           0x00000000200001f4        0x0 /usr/lib/gcc/arm-none-eabi/4.8/armv7-m/crtbegin.o
 .jcr           0x00000000200001f4        0x4 /usr/lib/gcc/arm-none-eabi/4.8/armv7-m/crtend.o
                0x00000000200001f8                . = ALIGN (0x4)
                0x00000000200001f8                __data_end__ = .
                0x00000000200001f8                _edata = .

.tm_clone_table
                0x00000000200001f8        0x0 load address 0x0000000008009734
 .tm_clone_table
                0x00000000200001f8        0x0 /usr/lib/gcc/arm-none-eabi/4.8/armv7-m/crtbegin.o
 .tm_clone_table
                0x00000000200001f8        0x0 /usr/lib/gcc/arm-none-eabi/4.8/armv7-m/crtend.o

.igot.plt       0x00000000200001f8        0x0 load address 0x0000000008009734
 .igot.plt      0x00000000200001f8        0x0 /usr/lib/gcc/arm-none-eabi/4.8/armv7-m/crtbegin.o

.bss            0x00000000200001f8      0x3c0 load address 0x0000000008009734
                0x00000000200001f8                . = ALIGN (0x4)
                0x00000000200001f8                __bss_start__ = .
                0x00000000200001f8                _sbss = .
 *(.bss*)
 .bss           0x00000000200001f8       0x1c /usr/lib/gcc/arm-none-eabi/4.8/armv7-m/crtbegin.o
 .bss.table_light_b
                0x0000000020000214       0x10 main.o
                0x0000000020000214                table_light_b
 .bss.table_light_g
                0x0000000020000224       0x10 main.o
                0x0000000020000224                table_light_g
 .bss.ambient_light_b
                0x0000000020000234       0x10 main.o
                0x0000000020000234                ambient_light_b
 .bss.ambient_light_g
                0x0000000020000244       0x10 main.o
                0x0000000020000244                ambient_light_g
 .bss.table_light_r
                0x0000000020000254       0x10 main.o
                0x0000000020000254                table_light_r
 .bss.serial    0x0000000020000264       0x74 main.o
                0x0000000020000264                serial
 .bss.ambient_light_r
                0x00000000200002d8       0x10 main.o
                0x00000000200002d8                ambient_light_r
 .bss._ZL11filehandles
                0x00000000200002e8      0x100 mbed/TARGET_NUCLEO_L152RE/TOOLCHAIN_GCC_ARM/retarget.o
 .bss.uwTick    0x00000000200003e8        0x4 mbed/TARGET_NUCLEO_L152RE/TOOLCHAIN_GCC_ARM/stm32l1xx_hal.o
 .bss.PreviousVal
                0x00000000200003ec        0x4 mbed/TARGET_NUCLEO_L152RE/TOOLCHAIN_GCC_ARM/hal_tick.o
                0x00000000200003ec                PreviousVal
 .bss.TimHandle
                0x00000000200003f0       0x38 ./mbed/TARGET_NUCLEO_L152RE/TOOLCHAIN_GCC_ARM/libmbed.a(pwmout_api.o)
 .bss.stdio_uart_inited
                0x0000000020000428        0x4 ./mbed/TARGET_NUCLEO_L152RE/TOOLCHAIN_GCC_ARM/libmbed.a(serial_api.o)
                0x0000000020000428                stdio_uart_inited
 .bss.serial_irq_ids
                0x000000002000042c       0x14 ./mbed/TARGET_NUCLEO_L152RE/TOOLCHAIN_GCC_ARM/libmbed.a(serial_api.o)
 .bss.irq_handler
                0x0000000020000440        0x4 ./mbed/TARGET_NUCLEO_L152RE/TOOLCHAIN_GCC_ARM/libmbed.a(serial_api.o)
 .bss.head      0x0000000020000444        0x4 ./mbed/TARGET_NUCLEO_L152RE/TOOLCHAIN_GCC_ARM/libmbed.a(us_ticker_api.o)
 .bss.event_handler
                0x0000000020000448        0x4 ./mbed/TARGET_NUCLEO_L152RE/TOOLCHAIN_GCC_ARM/libmbed.a(us_ticker_api.o)
 .bss.TimMasterHandle
                0x000000002000044c       0x38 ./mbed/TARGET_NUCLEO_L152RE/TOOLCHAIN_GCC_ARM/libmbed.a(us_ticker.o)
 .bss.us_ticker_inited
                0x0000000020000484        0x4 ./mbed/TARGET_NUCLEO_L152RE/TOOLCHAIN_GCC_ARM/libmbed.a(us_ticker.o)
 .bss._ZN4mbed8FileBase5_headE
                0x0000000020000488        0x4 ./mbed/TARGET_NUCLEO_L152RE/TOOLCHAIN_GCC_ARM/libmbed.a(FileBase.o)
                0x0000000020000488                mbed::FileBase::_head
 .bss.__malloc_sbrk_start
                0x000000002000048c        0x4 /usr/lib/gcc/arm-none-eabi/4.8/../../../arm-none-eabi/lib/armv7-m/libc_nano.a(lib_a-nano-mallocr.o)
                0x000000002000048c                __malloc_sbrk_start
 .bss.__malloc_free_list
                0x0000000020000490        0x4 /usr/lib/gcc/arm-none-eabi/4.8/../../../arm-none-eabi/lib/armv7-m/libc_nano.a(lib_a-nano-mallocr.o)
                0x0000000020000490                __malloc_free_list
 .bss._global_atexit0
                0x0000000020000494       0x8c /usr/lib/gcc/arm-none-eabi/4.8/../../../arm-none-eabi/lib/armv7-m/libc_nano.a(lib_a-__atexit.o)
 .bss._global_atexit
                0x0000000020000520        0x4 /usr/lib/gcc/arm-none-eabi/4.8/../../../arm-none-eabi/lib/armv7-m/libc_nano.a(lib_a-__call_atexit.o)
                0x0000000020000520                _global_atexit
 *(COMMON)
 COMMON         0x0000000020000524       0x38 mbed/TARGET_NUCLEO_L152RE/TOOLCHAIN_GCC_ARM/hal_tick.o
                0x0000000020000524                TimMasterHandle
 COMMON         0x000000002000055c       0x58 ./mbed/TARGET_NUCLEO_L152RE/TOOLCHAIN_GCC_ARM/libmbed.a(serial_api.o)
                0x000000002000055c                UartHandle
                0x0000000020000598                stdio_uart
 COMMON         0x00000000200005b4        0x4 /usr/lib/gcc/arm-none-eabi/4.8/../../../arm-none-eabi/lib/armv7-m/libc_nano.a(lib_a-reent.o)
                0x00000000200005b4                errno
                0x00000000200005b8                . = ALIGN (0x4)
                0x00000000200005b8                __bss_end__ = .
                0x00000000200005b8                _ebss = .

.heap           0x00000000200005b8        0x0
                0x00000000200005b8                __end__ = .
                0x00000000200005b8                end = __end__
 *(.heap*)
                0x00000000200005b8                __HeapLimit = .

.stack_dummy    0x00000000200005b8        0x0
 *(.stack*)
                0x0000000020014000                __StackTop = (ORIGIN (RAM) + 0x13ec4)
                0x0000000020014000                _estack = __StackTop
                0x0000000020014000                __StackLimit = (__StackTop - SIZEOF (.stack_dummy))
                0x0000000020014000                PROVIDE (__stack, __StackTop)
                0x0000000000000001                ASSERT ((__StackLimit >= __HeapLimit), region RAM overflowed with stack)
OUTPUT(Desktop-nucleo.elf elf32-littlearm)

.ARM.attributes
                0x0000000000000000       0x29
 .ARM.attributes
                0x0000000000000000       0x1d /usr/lib/gcc/arm-none-eabi/4.8/armv7-m/crti.o
 .ARM.attributes
                0x000000000000001d       0x2d /usr/lib/gcc/arm-none-eabi/4.8/armv7-m/crtbegin.o
 .ARM.attributes
                0x000000000000004a       0x33 main.o
 .ARM.attributes
                0x000000000000007d       0x33 mbed/TARGET_NUCLEO_L152RE/TOOLCHAIN_GCC_ARM/stm32l1xx_hal_uart.o
 .ARM.attributes
                0x00000000000000b0       0x33 mbed/TARGET_NUCLEO_L152RE/TOOLCHAIN_GCC_ARM/retarget.o
 .ARM.attributes
                0x00000000000000e3       0x33 mbed/TARGET_NUCLEO_L152RE/TOOLCHAIN_GCC_ARM/stm32l1xx_hal_gpio.o
 .ARM.attributes
                0x0000000000000116       0x33 mbed/TARGET_NUCLEO_L152RE/TOOLCHAIN_GCC_ARM/board.o
 .ARM.attributes
                0x0000000000000149       0x33 mbed/TARGET_NUCLEO_L152RE/TOOLCHAIN_GCC_ARM/cmsis_nvic.o
 .ARM.attributes
                0x000000000000017c       0x33 mbed/TARGET_NUCLEO_L152RE/TOOLCHAIN_GCC_ARM/stm32l1xx_hal.o
 .ARM.attributes
                0x00000000000001af       0x33 mbed/TARGET_NUCLEO_L152RE/TOOLCHAIN_GCC_ARM/stm32l1xx_hal_tim.o
 .ARM.attributes
                0x00000000000001e2       0x33 mbed/TARGET_NUCLEO_L152RE/TOOLCHAIN_GCC_ARM/mbed_overrides.o
 .ARM.attributes
                0x0000000000000215       0x21 mbed/TARGET_NUCLEO_L152RE/TOOLCHAIN_GCC_ARM/startup_stm32l152xe.o
 .ARM.attributes
                0x0000000000000236       0x33 mbed/TARGET_NUCLEO_L152RE/TOOLCHAIN_GCC_ARM/stm32l1xx_hal_rcc.o
 .ARM.attributes
                0x0000000000000269       0x33 mbed/TARGET_NUCLEO_L152RE/TOOLCHAIN_GCC_ARM/stm32l1xx_hal_cortex.o
 .ARM.attributes
                0x000000000000029c       0x33 mbed/TARGET_NUCLEO_L152RE/TOOLCHAIN_GCC_ARM/hal_tick.o
 .ARM.attributes
                0x00000000000002cf       0x33 mbed/TARGET_NUCLEO_L152RE/TOOLCHAIN_GCC_ARM/system_stm32l1xx.o
 .ARM.attributes
                0x0000000000000302       0x33 ./mbed/TARGET_NUCLEO_L152RE/TOOLCHAIN_GCC_ARM/libmbed.a(pwmout_api.o)
 .ARM.attributes
                0x0000000000000335       0x33 ./mbed/TARGET_NUCLEO_L152RE/TOOLCHAIN_GCC_ARM/libmbed.a(serial_api.o)
 .ARM.attributes
                0x0000000000000368       0x33 ./mbed/TARGET_NUCLEO_L152RE/TOOLCHAIN_GCC_ARM/libmbed.a(FilePath.o)
 .ARM.attributes
                0x000000000000039b       0x33 ./mbed/TARGET_NUCLEO_L152RE/TOOLCHAIN_GCC_ARM/libmbed.a(Serial.o)
 .ARM.attributes
                0x00000000000003ce       0x33 ./mbed/TARGET_NUCLEO_L152RE/TOOLCHAIN_GCC_ARM/libmbed.a(Stream.o)
 .ARM.attributes
                0x0000000000000401       0x33 ./mbed/TARGET_NUCLEO_L152RE/TOOLCHAIN_GCC_ARM/libmbed.a(SerialBase.o)
 .ARM.attributes
                0x0000000000000434       0x33 ./mbed/TARGET_NUCLEO_L152RE/TOOLCHAIN_GCC_ARM/libmbed.a(assert.o)
 .ARM.attributes
                0x0000000000000467       0x33 ./mbed/TARGET_NUCLEO_L152RE/TOOLCHAIN_GCC_ARM/libmbed.a(error.o)
 .ARM.attributes
                0x000000000000049a       0x33 ./mbed/TARGET_NUCLEO_L152RE/TOOLCHAIN_GCC_ARM/libmbed.a(pinmap_common.o)
 .ARM.attributes
                0x00000000000004cd       0x33 ./mbed/TARGET_NUCLEO_L152RE/TOOLCHAIN_GCC_ARM/libmbed.a(us_ticker_api.o)
 .ARM.attributes
                0x0000000000000500       0x33 ./mbed/TARGET_NUCLEO_L152RE/TOOLCHAIN_GCC_ARM/libmbed.a(wait_api.o)
 .ARM.attributes
                0x0000000000000533       0x33 ./mbed/TARGET_NUCLEO_L152RE/TOOLCHAIN_GCC_ARM/libmbed.a(PeripheralPins.o)
 .ARM.attributes
                0x0000000000000566       0x33 ./mbed/TARGET_NUCLEO_L152RE/TOOLCHAIN_GCC_ARM/libmbed.a(pinmap.o)
 .ARM.attributes
                0x0000000000000599       0x33 ./mbed/TARGET_NUCLEO_L152RE/TOOLCHAIN_GCC_ARM/libmbed.a(us_ticker.o)
 .ARM.attributes
                0x00000000000005cc       0x33 ./mbed/TARGET_NUCLEO_L152RE/TOOLCHAIN_GCC_ARM/libmbed.a(FileBase.o)
 .ARM.attributes
                0x00000000000005ff       0x33 ./mbed/TARGET_NUCLEO_L152RE/TOOLCHAIN_GCC_ARM/libmbed.a(FileLike.o)
 .ARM.attributes
                0x0000000000000632       0x33 ./mbed/TARGET_NUCLEO_L152RE/TOOLCHAIN_GCC_ARM/libmbed.a(FunctionPointer.o)
 .ARM.attributes
                0x0000000000000665       0x2d /usr/lib/gcc/arm-none-eabi/4.8/../../../arm-none-eabi/lib/armv7-m/libstdc++_nano.a(atexit_arm.o)
 .ARM.attributes
                0x0000000000000692       0x2d /usr/lib/gcc/arm-none-eabi/4.8/../../../arm-none-eabi/lib/armv7-m/libstdc++_nano.a(del_op.o)
 .ARM.attributes
                0x00000000000006bf       0x2d /usr/lib/gcc/arm-none-eabi/4.8/../../../arm-none-eabi/lib/armv7-m/libc_nano.a(lib_a-cxa_atexit.o)
 .ARM.attributes
                0x00000000000006ec       0x2d /usr/lib/gcc/arm-none-eabi/4.8/../../../arm-none-eabi/lib/armv7-m/libc_nano.a(lib_a-errno.o)
 .ARM.attributes
                0x0000000000000719       0x2d /usr/lib/gcc/arm-none-eabi/4.8/../../../arm-none-eabi/lib/armv7-m/libc_nano.a(lib_a-exit.o)
 .ARM.attributes
                0x0000000000000746       0x2d /usr/lib/gcc/arm-none-eabi/4.8/../../../arm-none-eabi/lib/armv7-m/libc_nano.a(lib_a-fclose.o)